Archive member included to satisfy reference by file (symbol)

E:/ST/STM32CubeIDE_1.19.0/STM32CubeIDE/plugins/com.st.stm32cube.ide.mcu.externaltools.gnu-tools-for-stm32.13.3.rel1.win32_1.0.0.202411081344/tools/bin/../lib/gcc/arm-none-eabi/13.3.1/../../../../arm-none-eabi/lib/thumb/v7e-m+fp/hard\libc_nano.a(libc_a-exit.o)
                              E:/ST/STM32CubeIDE_1.19.0/STM32CubeIDE/plugins/com.st.stm32cube.ide.mcu.externaltools.gnu-tools-for-stm32.13.3.rel1.win32_1.0.0.202411081344/tools/bin/../lib/gcc/arm-none-eabi/13.3.1/../../../../arm-none-eabi/lib/thumb/v7e-m+fp/hard/crt0.o (exit)
E:/ST/STM32CubeIDE_1.19.0/STM32CubeIDE/plugins/com.st.stm32cube.ide.mcu.externaltools.gnu-tools-for-stm32.13.3.rel1.win32_1.0.0.202411081344/tools/bin/../lib/gcc/arm-none-eabi/13.3.1/../../../../arm-none-eabi/lib/thumb/v7e-m+fp/hard\libc_nano.a(libc_a-findfp.o)
                              E:/ST/STM32CubeIDE_1.19.0/STM32CubeIDE/plugins/com.st.stm32cube.ide.mcu.externaltools.gnu-tools-for-stm32.13.3.rel1.win32_1.0.0.202411081344/tools/bin/../lib/gcc/arm-none-eabi/13.3.1/../../../../arm-none-eabi/lib/thumb/v7e-m+fp/hard\libc_nano.a(libc_a-exit.o) (__stdio_exit_handler)
E:/ST/STM32CubeIDE_1.19.0/STM32CubeIDE/plugins/com.st.stm32cube.ide.mcu.externaltools.gnu-tools-for-stm32.13.3.rel1.win32_1.0.0.202411081344/tools/bin/../lib/gcc/arm-none-eabi/13.3.1/../../../../arm-none-eabi/lib/thumb/v7e-m+fp/hard\libc_nano.a(libc_a-fwalk.o)
                              E:/ST/STM32CubeIDE_1.19.0/STM32CubeIDE/plugins/com.st.stm32cube.ide.mcu.externaltools.gnu-tools-for-stm32.13.3.rel1.win32_1.0.0.202411081344/tools/bin/../lib/gcc/arm-none-eabi/13.3.1/../../../../arm-none-eabi/lib/thumb/v7e-m+fp/hard\libc_nano.a(libc_a-findfp.o) (_fwalk_sglue)
E:/ST/STM32CubeIDE_1.19.0/STM32CubeIDE/plugins/com.st.stm32cube.ide.mcu.externaltools.gnu-tools-for-stm32.13.3.rel1.win32_1.0.0.202411081344/tools/bin/../lib/gcc/arm-none-eabi/13.3.1/../../../../arm-none-eabi/lib/thumb/v7e-m+fp/hard\libc_nano.a(libc_a-printf.o)
                              ./Core/Src/dcmi.o (printf)
E:/ST/STM32CubeIDE_1.19.0/STM32CubeIDE/plugins/com.st.stm32cube.ide.mcu.externaltools.gnu-tools-for-stm32.13.3.rel1.win32_1.0.0.202411081344/tools/bin/../lib/gcc/arm-none-eabi/13.3.1/../../../../arm-none-eabi/lib/thumb/v7e-m+fp/hard\libc_nano.a(libc_a-puts.o)
                              ./Core/Src/dcmi.o (puts)
E:/ST/STM32CubeIDE_1.19.0/STM32CubeIDE/plugins/com.st.stm32cube.ide.mcu.externaltools.gnu-tools-for-stm32.13.3.rel1.win32_1.0.0.202411081344/tools/bin/../lib/gcc/arm-none-eabi/13.3.1/../../../../arm-none-eabi/lib/thumb/v7e-m+fp/hard\libc_nano.a(libc_a-sprintf.o)
                              ./Core/Src/main.o (sprintf)
E:/ST/STM32CubeIDE_1.19.0/STM32CubeIDE/plugins/com.st.stm32cube.ide.mcu.externaltools.gnu-tools-for-stm32.13.3.rel1.win32_1.0.0.202411081344/tools/bin/../lib/gcc/arm-none-eabi/13.3.1/../../../../arm-none-eabi/lib/thumb/v7e-m+fp/hard\libc_nano.a(libc_a-stdio.o)
                              E:/ST/STM32CubeIDE_1.19.0/STM32CubeIDE/plugins/com.st.stm32cube.ide.mcu.externaltools.gnu-tools-for-stm32.13.3.rel1.win32_1.0.0.202411081344/tools/bin/../lib/gcc/arm-none-eabi/13.3.1/../../../../arm-none-eabi/lib/thumb/v7e-m+fp/hard\libc_nano.a(libc_a-findfp.o) (__sread)
E:/ST/STM32CubeIDE_1.19.0/STM32CubeIDE/plugins/com.st.stm32cube.ide.mcu.externaltools.gnu-tools-for-stm32.13.3.rel1.win32_1.0.0.202411081344/tools/bin/../lib/gcc/arm-none-eabi/13.3.1/../../../../arm-none-eabi/lib/thumb/v7e-m+fp/hard\libc_nano.a(libc_a-wbuf.o)
                              E:/ST/STM32CubeIDE_1.19.0/STM32CubeIDE/plugins/com.st.stm32cube.ide.mcu.externaltools.gnu-tools-for-stm32.13.3.rel1.win32_1.0.0.202411081344/tools/bin/../lib/gcc/arm-none-eabi/13.3.1/../../../../arm-none-eabi/lib/thumb/v7e-m+fp/hard\libc_nano.a(libc_a-puts.o) (__swbuf_r)
E:/ST/STM32CubeIDE_1.19.0/STM32CubeIDE/plugins/com.st.stm32cube.ide.mcu.externaltools.gnu-tools-for-stm32.13.3.rel1.win32_1.0.0.202411081344/tools/bin/../lib/gcc/arm-none-eabi/13.3.1/../../../../arm-none-eabi/lib/thumb/v7e-m+fp/hard\libc_nano.a(libc_a-wsetup.o)
                              E:/ST/STM32CubeIDE_1.19.0/STM32CubeIDE/plugins/com.st.stm32cube.ide.mcu.externaltools.gnu-tools-for-stm32.13.3.rel1.win32_1.0.0.202411081344/tools/bin/../lib/gcc/arm-none-eabi/13.3.1/../../../../arm-none-eabi/lib/thumb/v7e-m+fp/hard\libc_nano.a(libc_a-puts.o) (__swsetup_r)
E:/ST/STM32CubeIDE_1.19.0/STM32CubeIDE/plugins/com.st.stm32cube.ide.mcu.externaltools.gnu-tools-for-stm32.13.3.rel1.win32_1.0.0.202411081344/tools/bin/../lib/gcc/arm-none-eabi/13.3.1/../../../../arm-none-eabi/lib/thumb/v7e-m+fp/hard\libc_nano.a(libc_a-memset.o)
                              E:/ST/STM32CubeIDE_1.19.0/STM32CubeIDE/plugins/com.st.stm32cube.ide.mcu.externaltools.gnu-tools-for-stm32.13.3.rel1.win32_1.0.0.202411081344/tools/bin/../lib/gcc/arm-none-eabi/13.3.1/../../../../arm-none-eabi/lib/thumb/v7e-m+fp/hard/crt0.o (memset)
[...]
Memory Configuration

Name             Origin             Length             Attributes
CCMRAM           0x10000000         0x00010000         xrw
RAM              0x20000000         0x00020000         xrw
FLASH            0x08000000         0x00100000         xr
*default*        0x00000000         0xffffffff

Linker script and memory map

LOAD E:/ST/STM32CubeIDE_1.19.0/STM32CubeIDE/plugins/com.st.stm32cube.ide.mcu.externaltools.gnu-tools-for-stm32.13.3.rel1.win32_1.0.0.202411081344/tools/bin/../lib/gcc/arm-none-eabi/13.3.1/thumb/v7e-m+fp/hard/crti.o
LOAD E:/ST/STM32CubeIDE_1.19.0/STM32CubeIDE/plugins/com.st.stm32cube.ide.mcu.externaltools.gnu-tools-for-stm32.13.3.rel1.win32_1.0.0.202411081344/tools/bin/../lib/gcc/arm-none-eabi/13.3.1/thumb/v7e-m+fp/hard/crtbegin.o
LOAD E:/ST/STM32CubeIDE_1.19.0/STM32CubeIDE/plugins/com.st.stm32cube.ide.mcu.externaltools.gnu-tools-for-stm32.13.3.rel1.win32_1.0.0.202411081344/tools/bin/../lib/gcc/arm-none-eabi/13.3.1/../../../../arm-none-eabi/lib/thumb/v7e-m+fp/hard/crt0.o
LOAD ./Core/Src/ILI93xx.o
LOAD ./Core/Src/dcmi.o
LOAD ./Core/Src/dma.o
LOAD ./Core/Src/fsmc.o
LOAD ./Core/Src/gpio.o
LOAD ./Core/Src/main.o
LOAD ./Core/Src/ov2640.o
LOAD ./Core/Src/stm32f4xx_hal_msp.o
LOAD ./Core/Src/stm32f4xx_it.o
LOAD ./Core/Src/syscalls.o
LOAD ./Core/Src/sysmem.o
LOAD ./Core/Src/system_stm32f4xx.o
LOAD ./Core/Src/tim.o
LOAD ./Core/Src/tjpgd.o
LOAD ./Core/Src/usart.o
LOAD ./Core/Src/uvc_app.o
LOAD ./Core/Startup/startup_stm32f407zgtx.o
LOAD ./Drivers/STM32F4xx_HAL_Driver/Src/stm32f4xx_hal.o
LOAD ./Drivers/STM32F4xx_HAL_Driver/Src/stm32f4xx_hal_cortex.o
LOAD ./Drivers/STM32F4xx_HAL_Driver/Src/stm32f4xx_hal_dcmi.o
LOAD ./Drivers/STM32F4xx_HAL_Driver/Src/stm32f4xx_hal_dcmi_ex.o
LOAD ./Drivers/STM32F4xx_HAL_Driver/Src/stm32f4xx_hal_dma.o
LOAD ./Drivers/STM32F4xx_HAL_Driver/Src/stm32f4xx_hal_dma_ex.o
LOAD ./Drivers/STM32F4xx_HAL_Driver/Src/stm32f4xx_hal_exti.o
LOAD ./Drivers/STM32F4xx_HAL_Driver/Src/stm32f4xx_hal_flash.o
LOAD ./Drivers/STM32F4xx_HAL_Driver/Src/stm32f4xx_hal_flash_ex.o
LOAD ./Drivers/STM32F4xx_HAL_Driver/Src/stm32f4xx_hal_flash_ramfunc.o
LOAD ./Drivers/STM32F4xx_HAL_Driver/Src/stm32f4xx_hal_gpio.o
LOAD ./Drivers/STM32F4xx_HAL_Driver/Src/stm32f4xx_hal_nand.o
LOAD ./Drivers/STM32F4xx_HAL_Driver/Src/stm32f4xx_hal_nor.o
LOAD ./Drivers/STM32F4xx_HAL_Driver/Src/stm32f4xx_hal_pccard.o
LOAD ./Drivers/STM32F4xx_HAL_Driver/Src/stm32f4xx_hal_pcd.o
LOAD ./Drivers/STM32F4xx_HAL_Driver/Src/stm32f4xx_hal_pcd_ex.o
LOAD ./Drivers/STM32F4xx_HAL_Driver/Src/stm32f4xx_hal_pwr.o
LOAD ./Drivers/STM32F4xx_HAL_Driver/Src/stm32f4xx_hal_pwr_ex.o
LOAD ./Drivers/STM32F4xx_HAL_Driver/Src/stm32f4xx_hal_rcc.o
LOAD ./Drivers/STM32F4xx_HAL_Driver/Src/stm32f4xx_hal_rcc_ex.o
LOAD ./Drivers/STM32F4xx_HAL_Driver/Src/stm32f4xx_hal_sram.o
LOAD ./Drivers/STM32F4xx_HAL_Driver/Src/stm32f4xx_hal_tim.o
LOAD ./Drivers/STM32F4xx_HAL_Driver/Src/stm32f4xx_hal_tim_ex.o
LOAD ./Drivers/STM32F4xx_HAL_Driver/Src/stm32f4xx_hal_uart.o
LOAD ./Drivers/STM32F4xx_HAL_Driver/Src/stm32f4xx_ll_fsmc.o
LOAD ./Drivers/STM32F4xx_HAL_Driver/Src/stm32f4xx_ll_usb.o
LOAD ./Middlewares/ST/STM32_USB_Device_Library/Class/CDC/Src/usbd_cdc.o
LOAD ./Middlewares/ST/STM32_USB_Device_Library/Core/Src/usbd_core.o
LOAD ./Middlewares/ST/STM32_USB_Device_Library/Core/Src/usbd_ctlreq.o
LOAD ./Middlewares/ST/STM32_USB_Device_Library/Core/Src/usbd_ioreq.o
LOAD ./USB_DEVICE/App/usb_device.o
LOAD ./USB_DEVICE/App/usbd_cdc_if.o
LOAD ./USB_DEVICE/App/usbd_desc.o
LOAD ./USB_DEVICE/App/usbd_uvc.o
LOAD ./USB_DEVICE/App/usbd_uvc_if.o
LOAD ./USB_DEVICE/Target/usbd_conf.o
START GROUP
LOAD E:/ST/STM32CubeIDE_1.19.0/STM32CubeIDE/plugins/com.st.stm32cube.ide.mcu.externaltools.gnu-tools-for-stm32.13.3.rel1.win32_1.0.0.202411081344/tools/bin/../lib/gcc/arm-none-eabi/13.3.1/../../../../arm-none-eabi/lib/thumb/v7e-m+fp/hard\libc_nano.a
LOAD E:/ST/STM32CubeIDE_1.19.0/STM32CubeIDE/plugins/com.st.stm32cube.ide.mcu.externaltools.gnu-tools-for-stm32.13.3.rel1.win32_1.0.0.202411081344/tools/bin/../lib/gcc/arm-none-eabi/13.3.1/../../../../arm-none-eabi/lib/thumb/v7e-m+fp/hard\libm.a
END GROUP
START GROUP
LOAD E:/ST/STM32CubeIDE_1.19.0/STM32CubeIDE/plugins/com.st.stm32cube.ide.mcu.externaltools.gnu-tools-for-stm32.13.3.rel1.win32_1.0.0.202411081344/tools/bin/../lib/gcc/arm-none-eabi/13.3.1/thumb/v7e-m+fp/hard\libgcc.a
LOAD E:/ST/STM32CubeIDE_1.19.0/STM32CubeIDE/plugins/com.st.stm32cube.ide.mcu.externaltools.gnu-tools-for-stm32.13.3.rel1.win32_1.0.0.202411081344/tools/bin/../lib/gcc/arm-none-eabi/13.3.1/../../../../arm-none-eabi/lib/thumb/v7e-m+fp/hard\libc_nano.a
END GROUP
START GROUP
LOAD E:/ST/STM32CubeIDE_1.19.0/STM32CubeIDE/plugins/com.st.stm32cube.ide.mcu.externaltools.gnu-tools-for-stm32.13.3.rel1.win32_1.0.0.202411081344/tools/bin/../lib/gcc/arm-none-eabi/13.3.1/thumb/v7e-m+fp/hard\libgcc.a
LOAD E:/ST/STM32CubeIDE_1.19.0/STM32CubeIDE/plugins/com.st.stm32cube.ide.mcu.externaltools.gnu-tools-for-stm32.13.3.rel1.win32_1.0.0.202411081344/tools/bin/../lib/gcc/arm-none-eabi/13.3.1/../../../../arm-none-eabi/lib/thumb/v7e-m+fp/hard\libc_nano.a
END GROUP
LOAD E:/ST/STM32CubeIDE_1.19.0/STM32CubeIDE/plugins/com.st.stm32cube.ide.mcu.externaltools.gnu-tools-for-stm32.13.3.rel1.win32_1.0.0.202411081344/tools/bin/../lib/gcc/arm-none-eabi/13.3.1/thumb/v7e-m+fp/hard/crtend.o
LOAD E:/ST/STM32CubeIDE_1.19.0/STM32CubeIDE/plugins/com.st.stm32cube.ide.mcu.externaltools.gnu-tools-for-stm32.13.3.rel1.win32_1.0.0.202411081344/tools/bin/../lib/gcc/arm-none-eabi/13.3.1/thumb/v7e-m+fp/hard/crtn.o
                0x20020000                        _estack = (ORIGIN (RAM) + LENGTH (RAM))
                0x00000200                        _Min_Heap_Size = 0x200
                0x00000400                        _Min_Stack_Size = 0x400

.isr_vector     0x08000000      0x188
                0x08000000                        . = ALIGN (0x4)
 *(.isr_vector)
 .isr_vector    0x08000000      0x188 ./Core/Startup/startup_stm32f407zgtx.o
                0x08000000                g_pfnVectors
                0x08000188                        . = ALIGN (0x4)

.text           0x08000190    0x121fc
                0x08000190                        . = ALIGN (0x4)
 *(.text)
 .text          0x08000190       0x40 E:/ST/STM32CubeIDE_1.19.0/STM32CubeIDE/plugins/com.st.stm32cube.ide.mcu.externaltools.gnu-tools-for-stm32.13.3.rel1.win32_1.0.0.202411081344/tools/bin/../lib/gcc/arm-none-eabi/13.3.1/thumb/v7e-m+fp/hard/crtbegin.o
 .text          0x080001d0       0x10 E:/ST/STM32CubeIDE_1.19.0/STM32CubeIDE/plugins/com.st.stm32cube.ide.mcu.externaltools.gnu-tools-for-stm32.13.3.rel1.win32_1.0.0.202411081344/tools/bin/../lib/gcc/arm-none-eabi/13.3.1/../../../../arm-none-eabi/lib/thumb/v7e-m+fp/hard\libc_nano.a(libc_a-strlen.o)
                0x080001d0                strlen
 .text          0x080001e0       0xa0 E:/ST/STM32CubeIDE_1.19.0/STM32CubeIDE/plugins/com.st.stm32cube.ide.mcu.externaltools.gnu-tools-for-stm32.13.3.rel1.win32_1.0.0.202411081344/tools/bin/../lib/gcc/arm-none-eabi/13.3.1/../../../../arm-none-eabi/lib/thumb/v7e-m+fp/hard\libc_nano.a(libc_a-memchr.o)
                0x080001e0                memchr
 .text          0x08000280      0x254 E:/ST/STM32CubeIDE_1.19.0/STM32CubeIDE/plugins/com.st.stm32cube.ide.mcu.externaltools.gnu-tools-for-stm32.13.3.rel1.win32_1.0.0.202411081344/tools/bin/../lib/gcc/arm-none-eabi/13.3.1/thumb/v7e-m+fp/hard\libgcc.a(_arm_muldf3.o)
                0x08000280                __muldf3
                0x08000280                __aeabi_dmul
 .text          0x080004d4      0x378 E:/ST/STM32CubeIDE_1.19.0/STM32CubeIDE/plugins/com.st.stm32cube.ide.mcu.externaltools.gnu-tools-for-stm32.13.3.rel1.win32_1.0.0.202411081344/tools/bin/../lib/gcc/arm-none-eabi/13.3.1/thumb/v7e-m+fp/hard\libgcc.a(_arm_addsubdf3.o)
                0x080004d4                __aeabi_drsub
                0x080004dc                __aeabi_dsub
                0x080004dc                __subdf3
                0x080004e0                __aeabi_dadd
                0x080004e0                __adddf3
                0x08000758                __floatunsidf
                0x08000758                __aeabi_ui2d
                0x08000778                __floatsidf
                0x08000778                __aeabi_i2d
                0x0800079c                __aeabi_f2d
                0x0800079c                __extendsfdf2
                0x080007e0                __floatundidf
                0x080007e0                __aeabi_ul2d
                0x080007f0                __floatdidf
                0x080007f0                __aeabi_l2d
 .text          0x0800084c       0x50 E:/ST/STM32CubeIDE_1.19.0/STM32CubeIDE/plugins/com.st.stm32cube.ide.mcu.externaltools.gnu-tools-for-stm32.13.3.rel1.win32_1.0.0.202411081344/tools/bin/../lib/gcc/arm-none-eabi/13.3.1/thumb/v7e-m+fp/hard\libgcc.a(_arm_fixdfsi.o)
                0x0800084c                __aeabi_d2iz
                0x0800084c                __fixdfsi
 .text          0x0800089c       0x40 E:/ST/STM32CubeIDE_1.19.0/STM32CubeIDE/plugins/com.st.stm32cube.ide.mcu.externaltools.gnu-tools-for-stm32.13.3.rel1.win32_1.0.0.202411081344/tools/bin/../lib/gcc/arm-none-eabi/13.3.1/thumb/v7e-m+fp/hard\libgcc.a(_arm_fixunsdfsi.o)
                0x0800089c                __aeabi_d2uiz
                0x0800089c                __fixunsdfsi
 .text          0x080008dc       0x30 E:/ST/STM32CubeIDE_1.19.0/STM32CubeIDE/plugins/com.st.stm32cube.ide.mcu.externaltools.gnu-tools-for-stm32.13.3.rel1.win32_1.0.0.202411081344/tools/bin/../lib/gcc/arm-none-eabi/13.3.1/thumb/v7e-m+fp/hard\libgcc.a(_aeabi_uldivmod.o)
                0x080008dc                __aeabi_uldivmod
 .text          0x0800090c      0x2f8 E:/ST/STM32CubeIDE_1.19.0/STM32CubeIDE/plugins/com.st.stm32cube.ide.mcu.externaltools.gnu-tools-for-stm32.13.3.rel1.win32_1.0.0.202411081344/tools/bin/../lib/gcc/arm-none-eabi/13.3.1/thumb/v7e-m+fp/hard\libgcc.a(_udivmoddi4.o)
                0x0800090c                __udivmoddi4
 .text          0x08000c04        0x4 E:/ST/STM32CubeIDE_1.19.0/STM32CubeIDE/plugins/com.st.stm32cube.ide.mcu.externaltools.gnu-tools-for-stm32.13.3.rel1.win32_1.0.0.202411081344/tools/bin/../lib/gcc/arm-none-eabi/13.3.1/thumb/v7e-m+fp/hard\libgcc.a(_dvmd_tls.o)
                0x08000c04                __aeabi_idiv0
                0x08000c04                __aeabi_ldiv0
 *(.text*)
 .text.LCD_WR_REG
                0x08000c08       0x28 ./Core/Src/ILI93xx.o
                0x08000c08                LCD_WR_REG
 .text.LCD_WR_DATA
                0x08000c30       0x28 ./Core/Src/ILI93xx.o
                0x08000c30                LCD_WR_DATA
 .text.LCD_RD_DATA
                0x08000c58       0x24 ./Core/Src/ILI93xx.o
                0x08000c58                LCD_RD_DATA
 .text.LCD_WriteReg
                0x08000c7c       0x2c ./Core/Src/ILI93xx.o
                0x08000c7c                LCD_WriteReg
 .text.opt_delay
                0x08000ca8       0x24 ./Core/Src/ILI93xx.o
                0x08000ca8                opt_delay
 .text.LCD_WriteRAM_Prepare
                0x08000ccc       0x20 ./Core/Src/ILI93xx.o
                0x08000ccc                LCD_WriteRAM_Prepare
 .text.LCD_WriteRAM
                0x08000cec       0x20 ./Core/Src/ILI93xx.o
                0x08000cec                LCD_WriteRAM
 .text.LCD_SetCursor
                0x08000d0c      0x1c4 ./Core/Src/ILI93xx.o
                0x08000d0c                LCD_SetCursor
 .text.LCD_Scan_Dir
                0x08000ed0      0x2ac ./Core/Src/ILI93xx.o
                0x08000ed0                LCD_Scan_Dir
 .text.LCD_Fast_DrawPoint
                0x0800117c      0x230 ./Core/Src/ILI93xx.o
                0x0800117c                LCD_Fast_DrawPoint
 *fill*         0x080013ac        0x4 
 .text.LCD_SSD_BackLightSet
                0x080013b0       0x68 ./Core/Src/ILI93xx.o
                0x080013b0                LCD_SSD_BackLightSet
 .text.LCD_Display_Dir
                0x08001418      0x1c8 ./Core/Src/ILI93xx.o
                0x08001418                LCD_Display_Dir
 .text.LCD_Set_Window
                0x080015e0      0x268 ./Core/Src/ILI93xx.o
                0x080015e0                LCD_Set_Window
 .text.TFTLCD_Init
                0x08001848     0x23e4 ./Core/Src/ILI93xx.o
                0x08001848                TFTLCD_Init
 .text.LCD_Clear
                0x08003c2c       0x5c ./Core/Src/ILI93xx.o
                0x08003c2c                LCD_Clear
 .text.LCD_Fill
                0x08003c88       0x7c ./Core/Src/ILI93xx.o
                0x08003c88                LCD_Fill
 .text.LCD_ShowChar
                0x08003d04      0x178 ./Core/Src/ILI93xx.o
                0x08003d04                LCD_ShowChar
 .text.LCD_ShowString
                0x08003e7c       0x9a ./Core/Src/ILI93xx.o
                0x08003e7c                LCD_ShowString
 *fill*         0x08003f16        0x2 
 .text.MX_DCMI_Init
                0x08003f18       0x50 ./Core/Src/dcmi.o
                0x08003f18                MX_DCMI_Init
 .text.HAL_DCMI_MspInit
                0x08003f68      0x1e0 ./Core/Src/dcmi.o
                0x08003f68                HAL_DCMI_MspInit
 .text.DCMI_DMA_JPEG_Init
                0x08004148       0xbc ./Core/Src/dcmi.o
                0x08004148                DCMI_DMA_JPEG_Init
 .text.DCMI_Start_JPEG
                0x08004204      0x150 ./Core/Src/dcmi.o
                0x08004204                DCMI_Start_JPEG
 .text.MX_DMA_Init
                0x08004354       0x40 ./Core/Src/dma.o
                0x08004354                MX_DMA_Init
 .text.MX_FSMC_Init
                0x08004394       0xf4 ./Core/Src/fsmc.o
                0x08004394                MX_FSMC_Init
 .text.HAL_FSMC_MspInit
                0x08004488       0xe0 ./Core/Src/fsmc.o
 .text.HAL_SRAM_MspInit
                0x08004568       0x14 ./Core/Src/fsmc.o
                0x08004568                HAL_SRAM_MspInit
 .text.MX_GPIO_Init
                0x0800457c      0x22c ./Core/Src/gpio.o
                0x0800457c                MX_GPIO_Init
 .text.__io_putchar
                0x080047a8       0x24 ./Core/Src/main.o
                0x080047a8                __io_putchar
 .text.HAL_DCMI_FrameEventCallback
                0x080047cc       0xe0 ./Core/Src/main.o
                0x080047cc                HAL_DCMI_FrameEventCallback
 .text.HAL_DCMI_VsyncEventCallback
                0x080048ac       0x14 ./Core/Src/main.o
                0x080048ac                HAL_DCMI_VsyncEventCallback
 .text.HAL_GPIO_EXTI_Callback
                0x080048c0      0x1f0 ./Core/Src/main.o
                0x080048c0                HAL_GPIO_EXTI_Callback
 .text.main     0x08004ab0      0x75c ./Core/Src/main.o
                0x08004ab0                main
 .text.SystemClock_Config
                0x0800520c       0xd4 ./Core/Src/main.o
                0x0800520c                SystemClock_Config
 .text.jpeg_input_func
                0x080052e0       0xe8 ./Core/Src/main.o
 .text.jpeg_output_func
                0x080053c8       0xa6 ./Core/Src/main.o
 *fill*         0x0800546e        0x2 
 .text.JPEG_Decode_Using_TJpgDec
                0x08005470      0x1b0 ./Core/Src/main.o
                0x08005470                JPEG_Decode_Using_TJpgDec
 .text.Error_Handler
                0x08005620        0xe ./Core/Src/main.o
                0x08005620                Error_Handler
 *fill*         0x0800562e        0x2 
 .text.SCCB_Delay_us
                0x08005630       0x48 ./Core/Src/ov2640.o
                0x08005630                SCCB_Delay_us
 .text.SCCB_Start
                0x08005678       0x40 ./Core/Src/ov2640.o
                0x08005678                SCCB_Start
 .text.SCCB_Stop
                0x080056b8       0x3c ./Core/Src/ov2640.o
                0x080056b8                SCCB_Stop
 .text.SCCB_No_Ack
                0x080056f4       0x4c ./Core/Src/ov2640.o
                0x080056f4                SCCB_No_Ack
 .text.SCCB_WR_Byte
                0x08005740       0xd4 ./Core/Src/ov2640.o
                0x08005740                SCCB_WR_Byte
 .text.SCCB_RD_Byte
                0x08005814       0x90 ./Core/Src/ov2640.o
                0x08005814                SCCB_RD_Byte
 .text.SCCB_WR_Reg
                0x080058a4       0x66 ./Core/Src/ov2640.o
                0x080058a4                SCCB_WR_Reg
 .text.SCCB_RD_Reg
                0x0800590a       0x60 ./Core/Src/ov2640.o
                0x0800590a                SCCB_RD_Reg
 *fill*         0x0800596a        0x2 
 .text.SCCB_Init
                0x0800596c       0x88 ./Core/Src/ov2640.o
                0x0800596c                SCCB_Init
 .text.OV2640_Init
                0x080059f4      0x15c ./Core/Src/ov2640.o
                0x080059f4                OV2640_Init
 .text.OV2640_JPEG_Mode
                0x08005b50       0x74 ./Core/Src/ov2640.o
                0x08005b50                OV2640_JPEG_Mode
 .text.OV2640_Auto_Exposure
                0x08005bc4       0x54 ./Core/Src/ov2640.o
                0x08005bc4                OV2640_Auto_Exposure
 .text.OV2640_Light_Mode
                0x08005c18       0xa8 ./Core/Src/ov2640.o
                0x08005c18                OV2640_Light_Mode
 .text.OV2640_Brightness
                0x08005cc0       0x48 ./Core/Src/ov2640.o
                0x08005cc0                OV2640_Brightness
 .text.OV2640_Contrast
                0x08005d08       0xa8 ./Core/Src/ov2640.o
                0x08005d08                OV2640_Contrast
 .text.OV2640_Set_JPEG_Quality
                0x08005db0       0x9c ./Core/Src/ov2640.o
                0x08005db0                OV2640_Set_JPEG_Quality
 .text.OV2640_OutSize_Set
                0x08005e4c       0xa2 ./Core/Src/ov2640.o
                0x08005e4c                OV2640_OutSize_Set
 *fill*         0x08005eee        0x2 
 .text.HAL_MspInit
                0x08005ef0       0x50 ./Core/Src/stm32f4xx_hal_msp.o
                0x08005ef0                HAL_MspInit
 .text.NMI_Handler
                0x08005f40        0x8 ./Core/Src/stm32f4xx_it.o
                0x08005f40                NMI_Handler
 .text.HardFault_Handler
                0x08005f48        0x8 ./Core/Src/stm32f4xx_it.o
                0x08005f48                HardFault_Handler
 .text.MemManage_Handler
                0x08005f50        0x8 ./Core/Src/stm32f4xx_it.o
                0x08005f50                MemManage_Handler
 .text.BusFault_Handler
                0x08005f58        0x8 ./Core/Src/stm32f4xx_it.o
                0x08005f58                BusFault_Handler
 .text.UsageFault_Handler
                0x08005f60        0x8 ./Core/Src/stm32f4xx_it.o
                0x08005f60                UsageFault_Handler
 .text.SVC_Handler
                0x08005f68        0xe ./Core/Src/stm32f4xx_it.o
                0x08005f68                SVC_Handler
 .text.DebugMon_Handler
                0x08005f76        0xe ./Core/Src/stm32f4xx_it.o
                0x08005f76                DebugMon_Handler
 .text.PendSV_Handler
                0x08005f84        0xe ./Core/Src/stm32f4xx_it.o
                0x08005f84                PendSV_Handler
 .text.SysTick_Handler
                0x08005f92        0xc ./Core/Src/stm32f4xx_it.o
                0x08005f92                SysTick_Handler
 .text.EXTI3_IRQHandler
                0x08005f9e        0xe ./Core/Src/stm32f4xx_it.o
                0x08005f9e                EXTI3_IRQHandler
 .text.EXTI4_IRQHandler
                0x08005fac        0xe ./Core/Src/stm32f4xx_it.o
                0x08005fac                EXTI4_IRQHandler
 *fill*         0x08005fba        0x2 
 .text.DMA2_Stream1_IRQHandler
                0x08005fbc       0x14 ./Core/Src/stm32f4xx_it.o
                0x08005fbc                DMA2_Stream1_IRQHandler
 .text.OTG_FS_IRQHandler
                0x08005fd0       0x14 ./Core/Src/stm32f4xx_it.o
                0x08005fd0                OTG_FS_IRQHandler
 .text.DCMI_IRQHandler
                0x08005fe4       0x14 ./Core/Src/stm32f4xx_it.o
                0x08005fe4                DCMI_IRQHandler
 .text._read    0x08005ff8       0x3a ./Core/Src/syscalls.o
                0x08005ff8                _read
 .text._write   0x08006032       0x38 ./Core/Src/syscalls.o
                0x08006032                _write
 .text._close   0x0800606a       0x18 ./Core/Src/syscalls.o
                0x0800606a                _close
 .text._fstat   0x08006082       0x20 ./Core/Src/syscalls.o
                0x08006082                _fstat
 .text._isatty  0x080060a2       0x16 ./Core/Src/syscalls.o
                0x080060a2                _isatty
 .text._lseek   0x080060b8       0x1a ./Core/Src/syscalls.o
                0x080060b8                _lseek
 *fill*         0x080060d2        0x2 
 .text._sbrk    0x080060d4       0x6c ./Core/Src/sysmem.o
                0x080060d4                _sbrk
 .text.SystemInit
                0x08006140       0x24 ./Core/Src/system_stm32f4xx.o
                0x08006140                SystemInit
 .text.MX_TIM7_Init
                0x08006164       0x68 ./Core/Src/tim.o
                0x08006164                MX_TIM7_Init
 .text.HAL_TIM_Base_MspInit
                0x080061cc       0x44 ./Core/Src/tim.o
                0x080061cc                HAL_TIM_Base_MspInit
 .text.alloc_pool
                0x08006210       0x58 ./Core/Src/tjpgd.o
 .text.create_qt_tbl
                0x08006268       0xb8 ./Core/Src/tjpgd.o
 .text.create_huffman_tbl
                0x08006320      0x1aa ./Core/Src/tjpgd.o
 .text.bitext   0x080064ca       0xe6 ./Core/Src/tjpgd.o
 .text.huffext  0x080065b0      0x13e ./Core/Src/tjpgd.o
 *fill*         0x080066ee        0x2 
 .text.block_idct
                0x080066f0      0x3a4 ./Core/Src/tjpgd.o
 .text.mcu_load
                0x08006a94      0x284 ./Core/Src/tjpgd.o
 .text.mcu_output
                0x08006d18      0x734 ./Core/Src/tjpgd.o
 .text.restart  0x0800744c       0xd0 ./Core/Src/tjpgd.o
 .text.jd_prepare
                0x0800751c      0x560 ./Core/Src/tjpgd.o
                0x0800751c                jd_prepare
 .text.jd_decomp
                0x08007a7c       0xf2 ./Core/Src/tjpgd.o
                0x08007a7c                jd_decomp
 *fill*         0x08007b6e        0x2 
 .text.MX_USART1_UART_Init
                0x08007b70       0x54 ./Core/Src/usart.o
                0x08007b70                MX_USART1_UART_Init
 .text.HAL_UART_MspInit
                0x08007bc4       0x90 ./Core/Src/usart.o
                0x08007bc4                HAL_UART_MspInit
 .text.UVC_App_Init
                0x08007c54       0x58 ./Core/Src/uvc_app.o
                0x08007c54                UVC_App_Init
 .text.UVC_App_StartCapture
                0x08007cac       0x68 ./Core/Src/uvc_app.o
                0x08007cac                UVC_App_StartCapture
 .text.UVC_App_StopCapture
                0x08007d14       0x1c ./Core/Src/uvc_app.o
                0x08007d14                UVC_App_StopCapture
 .text.UVC_App_SetStreaming
                0x08007d30       0x2c ./Core/Src/uvc_app.o
                0x08007d30                UVC_App_SetStreaming
 .text.UVC_App_Process
                0x08007d5c      0x2b0 ./Core/Src/uvc_app.o
                0x08007d5c                UVC_App_Process
 .text.Reset_Handler
                0x0800800c       0x50 ./Core/Startup/startup_stm32f407zgtx.o
                0x0800800c                Reset_Handler
 .text.Default_Handler
                0x0800805c        0x2 ./Core/Startup/startup_stm32f407zgtx.o
                0x0800805c                RTC_Alarm_IRQHandler
                0x0800805c                HASH_RNG_IRQHandler
                0x0800805c                EXTI2_IRQHandler
                0x0800805c                TIM8_CC_IRQHandler
                0x0800805c                TIM1_CC_IRQHandler
                0x0800805c                DMA2_Stream5_IRQHandler
                0x0800805c                DMA1_Stream5_IRQHandler
                0x0800805c                PVD_IRQHandler
                0x0800805c                SDIO_IRQHandler
                0x0800805c                TAMP_STAMP_IRQHandler
                0x0800805c                CAN2_RX1_IRQHandler
                0x0800805c                TIM8_TRG_COM_TIM14_IRQHandler
                0x0800805c                TIM1_UP_TIM10_IRQHandler
                0x0800805c                TIM8_UP_TIM13_IRQHandler
                0x0800805c                I2C3_ER_IRQHandler
                0x0800805c                EXTI0_IRQHandler
                0x0800805c                I2C2_EV_IRQHandler
                0x0800805c                DMA1_Stream2_IRQHandler
                0x0800805c                CAN1_RX0_IRQHandler
                0x0800805c                FPU_IRQHandler
                0x0800805c                OTG_HS_WKUP_IRQHandler
                0x0800805c                CAN2_SCE_IRQHandler
                0x0800805c                DMA2_Stream2_IRQHandler
                0x0800805c                SPI1_IRQHandler
                0x0800805c                TIM6_DAC_IRQHandler
                0x0800805c                TIM1_BRK_TIM9_IRQHandler
                0x0800805c                CAN2_RX0_IRQHandler
                0x0800805c                DMA2_Stream3_IRQHandler
                0x0800805c                USART6_IRQHandler
                0x0800805c                USART3_IRQHandler
                0x0800805c                CAN1_RX1_IRQHandler
                0x0800805c                UART5_IRQHandler
                0x0800805c                DMA2_Stream0_IRQHandler
                0x0800805c                TIM4_IRQHandler
                0x0800805c                I2C1_EV_IRQHandler
                0x0800805c                DMA1_Stream6_IRQHandler
                0x0800805c                DMA1_Stream1_IRQHandler
                0x0800805c                UART4_IRQHandler
                0x0800805c                TIM3_IRQHandler
                0x0800805c                RCC_IRQHandler
                0x0800805c                TIM8_BRK_TIM12_IRQHandler
                0x0800805c                Default_Handler
                0x0800805c                EXTI15_10_IRQHandler
                0x0800805c                ADC_IRQHandler
                0x0800805c                DMA1_Stream7_IRQHandler
                0x0800805c                TIM7_IRQHandler
                0x0800805c                CAN2_TX_IRQHandler
                0x0800805c                TIM5_IRQHandler
                0x0800805c                DMA2_Stream7_IRQHandler
                0x0800805c                I2C3_EV_IRQHandler
                0x0800805c                EXTI9_5_IRQHandler
                0x0800805c                RTC_WKUP_IRQHandler
                0x0800805c                ETH_WKUP_IRQHandler
                0x0800805c                SPI2_IRQHandler
                0x0800805c                OTG_HS_EP1_IN_IRQHandler
                0x0800805c                DMA1_Stream0_IRQHandler
                0x0800805c                CAN1_TX_IRQHandler
                0x0800805c                FSMC_IRQHandler
                0x0800805c                ETH_IRQHandler
                0x0800805c                OTG_HS_EP1_OUT_IRQHandler
                0x0800805c                WWDG_IRQHandler
                0x0800805c                TIM2_IRQHandler
                0x0800805c                OTG_FS_WKUP_IRQHandler
                0x0800805c                TIM1_TRG_COM_TIM11_IRQHandler
                0x0800805c                OTG_HS_IRQHandler
                0x0800805c                EXTI1_IRQHandler
                0x0800805c                USART2_IRQHandler
                0x0800805c                I2C2_ER_IRQHandler
                0x0800805c                CAN1_SCE_IRQHandler
                0x0800805c                FLASH_IRQHandler
                0x0800805c                DMA2_Stream4_IRQHandler
                0x0800805c                USART1_IRQHandler
                0x0800805c                SPI3_IRQHandler
                0x0800805c                DMA1_Stream4_IRQHandler
                0x0800805c                I2C1_ER_IRQHandler
                0x0800805c                DMA2_Stream6_IRQHandler
                0x0800805c                DMA1_Stream3_IRQHandler
 *fill*         0x0800805e        0x2 
 .text.HAL_Init
                0x08008060       0x44 ./Drivers/STM32F4xx_HAL_Driver/Src/stm32f4xx_hal.o
                0x08008060                HAL_Init
 .text.HAL_InitTick
                0x080080a4       0x60 ./Drivers/STM32F4xx_HAL_Driver/Src/stm32f4xx_hal.o
                0x080080a4                HAL_InitTick
 .text.HAL_IncTick
                0x08008104       0x28 ./Drivers/STM32F4xx_HAL_Driver/Src/stm32f4xx_hal.o
                0x08008104                HAL_IncTick
 .text.HAL_GetTick
                0x0800812c       0x18 ./Drivers/STM32F4xx_HAL_Driver/Src/stm32f4xx_hal.o
                0x0800812c                HAL_GetTick
 .text.HAL_Delay
                0x08008144       0x48 ./Drivers/STM32F4xx_HAL_Driver/Src/stm32f4xx_hal.o
                0x08008144                HAL_Delay
 .text.__NVIC_SetPriorityGrouping
                0x0800818c       0x48 ./Drivers/STM32F4xx_HAL_Driver/Src/stm32f4xx_hal_cortex.o
 .text.__NVIC_GetPriorityGrouping
                0x080081d4       0x1c ./Drivers/STM32F4xx_HAL_Driver/Src/stm32f4xx_hal_cortex.o
 .text.__NVIC_EnableIRQ
                0x080081f0       0x3c ./Drivers/STM32F4xx_HAL_Driver/Src/stm32f4xx_hal_cortex.o
 .text.__NVIC_SetPriority
                0x0800822c       0x54 ./Drivers/STM32F4xx_HAL_Driver/Src/stm32f4xx_hal_cortex.o
 .text.NVIC_EncodePriority
                0x08008280       0x66 ./Drivers/STM32F4xx_HAL_Driver/Src/stm32f4xx_hal_cortex.o
 *fill*         0x080082e6        0x2 
 .text.SysTick_Config
                0x080082e8       0x44 ./Drivers/STM32F4xx_HAL_Driver/Src/stm32f4xx_hal_cortex.o
 .text.HAL_NVIC_SetPriorityGrouping
                0x0800832c       0x16 ./Drivers/STM32F4xx_HAL_Driver/Src/stm32f4xx_hal_cortex.o
                0x0800832c                HAL_NVIC_SetPriorityGrouping
 .text.HAL_NVIC_SetPriority
                0x08008342       0x38 ./Drivers/STM32F4xx_HAL_Driver/Src/stm32f4xx_hal_cortex.o
                0x08008342                HAL_NVIC_SetPriority
 .text.HAL_NVIC_EnableIRQ
                0x0800837a       0x1c ./Drivers/STM32F4xx_HAL_Driver/Src/stm32f4xx_hal_cortex.o
                0x0800837a                HAL_NVIC_EnableIRQ
 .text.HAL_SYSTICK_Config
                0x08008396       0x18 ./Drivers/STM32F4xx_HAL_Driver/Src/stm32f4xx_hal_cortex.o
                0x08008396                HAL_SYSTICK_Config
 *fill*         0x080083ae        0x2 
 .text.HAL_DCMI_Start_DMA
                0x080083b0      0x148 ./Drivers/STM32F4xx_HAL_Driver/Src/stm32f4xx_hal_dcmi.o
                0x080083b0                HAL_DCMI_Start_DMA
 .text.HAL_DCMI_Stop
                0x080084f8       0xb8 ./Drivers/STM32F4xx_HAL_Driver/Src/stm32f4xx_hal_dcmi.o
                0x080084f8                HAL_DCMI_Stop
 .text.HAL_DCMI_IRQHandler
                0x080085b0      0x11c ./Drivers/STM32F4xx_HAL_Driver/Src/stm32f4xx_hal_dcmi.o
                0x080085b0                HAL_DCMI_IRQHandler
 .text.HAL_DCMI_ErrorCallback
                0x080086cc       0x14 ./Drivers/STM32F4xx_HAL_Driver/Src/stm32f4xx_hal_dcmi.o
                0x080086cc                HAL_DCMI_ErrorCallback
 .text.HAL_DCMI_LineEventCallback
                0x080086e0       0x14 ./Drivers/STM32F4xx_HAL_Driver/Src/stm32f4xx_hal_dcmi.o
                0x080086e0                HAL_DCMI_LineEventCallback
 .text.DCMI_DMAXferCplt
                0x080086f4      0x12a ./Drivers/STM32F4xx_HAL_Driver/Src/stm32f4xx_hal_dcmi.o
 .text.DCMI_DMAError
                0x0800881e       0x2e ./Drivers/STM32F4xx_HAL_Driver/Src/stm32f4xx_hal_dcmi.o
 .text.HAL_DCMI_Init
                0x0800884c       0xda ./Drivers/STM32F4xx_HAL_Driver/Src/stm32f4xx_hal_dcmi_ex.o
                0x0800884c                HAL_DCMI_Init
 *fill*         0x08008926        0x2 
 .text.HAL_DMA_Init
                0x08008928      0x15c ./Drivers/STM32F4xx_HAL_Driver/Src/stm32f4xx_hal_dma.o
                0x08008928                HAL_DMA_Init
 .text.HAL_DMA_DeInit
                0x08008a84       0xbc ./Drivers/STM32F4xx_HAL_Driver/Src/stm32f4xx_hal_dma.o
                0x08008a84                HAL_DMA_DeInit
 .text.HAL_DMA_Start_IT
                0x08008b40       0xb0 ./Drivers/STM32F4xx_HAL_Driver/Src/stm32f4xx_hal_dma.o
                0x08008b40                HAL_DMA_Start_IT
 .text.HAL_DMA_Abort
                0x08008bf0       0xe0 ./Drivers/STM32F4xx_HAL_Driver/Src/stm32f4xx_hal_dma.o
                0x08008bf0                HAL_DMA_Abort
 .text.HAL_DMA_Abort_IT
                0x08008cd0       0x44 ./Drivers/STM32F4xx_HAL_Driver/Src/stm32f4xx_hal_dma.o
                0x08008cd0                HAL_DMA_Abort_IT
 .text.HAL_DMA_IRQHandler
                0x08008d14      0x314 ./Drivers/STM32F4xx_HAL_Driver/Src/stm32f4xx_hal_dma.o
                0x08008d14                HAL_DMA_IRQHandler
 .text.DMA_SetConfig
                0x08009028       0x5c ./Drivers/STM32F4xx_HAL_Driver/Src/stm32f4xx_hal_dma.o
 .text.DMA_CalcBaseAndBitshift
                0x08009084       0x6c ./Drivers/STM32F4xx_HAL_Driver/Src/stm32f4xx_hal_dma.o
 .text.DMA_CheckFifoParam
                0x080090f0       0xf8 ./Drivers/STM32F4xx_HAL_Driver/Src/stm32f4xx_hal_dma.o
 .text.HAL_DMAEx_MultiBufferStart_IT
                0x080091e8     0x1290 ./Drivers/STM32F4xx_HAL_Driver/Src/stm32f4xx_hal_dma_ex.o
                0x080091e8                HAL_DMAEx_MultiBufferStart_IT
 .text.HAL_DMAEx_ChangeMemory
                0x0800a478       0x34 ./Drivers/STM32F4xx_HAL_Driver/Src/stm32f4xx_hal_dma_ex.o
                0x0800a478                HAL_DMAEx_ChangeMemory
 .text.DMA_MultiBufferSetConfig
                0x0800a4ac       0x4c ./Drivers/STM32F4xx_HAL_Driver/Src/stm32f4xx_hal_dma_ex.o
 .text.HAL_GPIO_Init
                0x0800a4f8      0x338 ./Drivers/STM32F4xx_HAL_Driver/Src/stm32f4xx_hal_gpio.o
                0x0800a4f8                HAL_GPIO_Init
 .text.HAL_GPIO_ReadPin
                0x0800a830       0x30 ./Drivers/STM32F4xx_HAL_Driver/Src/stm32f4xx_hal_gpio.o
                0x0800a830                HAL_GPIO_ReadPin
 .text.HAL_GPIO_WritePin
                0x0800a860       0x32 ./Drivers/STM32F4xx_HAL_Driver/Src/stm32f4xx_hal_gpio.o
                0x0800a860                HAL_GPIO_WritePin
 .text.HAL_GPIO_TogglePin
                0x0800a892       0x34 ./Drivers/STM32F4xx_HAL_Driver/Src/stm32f4xx_hal_gpio.o
                0x0800a892                HAL_GPIO_TogglePin
 *fill*         0x0800a8c6        0x2 
 .text.HAL_GPIO_EXTI_IRQHandler
                0x0800a8c8       0x30 ./Drivers/STM32F4xx_HAL_Driver/Src/stm32f4xx_hal_gpio.o
                0x0800a8c8                HAL_GPIO_EXTI_IRQHandler
 .text.HAL_PCD_Init
                0x0800a8f8      0x21e ./Drivers/STM32F4xx_HAL_Driver/Src/stm32f4xx_hal_pcd.o
                0x0800a8f8                HAL_PCD_Init
 .text.HAL_PCD_Start
                0x0800ab16       0x6a ./Drivers/STM32F4xx_HAL_Driver/Src/stm32f4xx_hal_pcd.o
                0x0800ab16                HAL_PCD_Start
 .text.HAL_PCD_IRQHandler
                0x0800ab80      0x942 ./Drivers/STM32F4xx_HAL_Driver/Src/stm32f4xx_hal_pcd.o
                0x0800ab80                HAL_PCD_IRQHandler
 .text.HAL_PCD_SetAddress
                0x0800b4c2       0x48 ./Drivers/STM32F4xx_HAL_Driver/Src/stm32f4xx_hal_pcd.o
                0x0800b4c2                HAL_PCD_SetAddress
 .text.HAL_PCD_EP_Open
                0x0800b50a       0xd4 ./Drivers/STM32F4xx_HAL_Driver/Src/stm32f4xx_hal_pcd.o
                0x0800b50a                HAL_PCD_EP_Open
 .text.HAL_PCD_EP_Close
                0x0800b5de       0x94 ./Drivers/STM32F4xx_HAL_Driver/Src/stm32f4xx_hal_pcd.o
                0x0800b5de                HAL_PCD_EP_Close
 .text.HAL_PCD_EP_Receive
                0x0800b672       0x76 ./Drivers/STM32F4xx_HAL_Driver/Src/stm32f4xx_hal_pcd.o
                0x0800b672                HAL_PCD_EP_Receive
 .text.HAL_PCD_EP_Transmit
                0x0800b6e8       0x74 ./Drivers/STM32F4xx_HAL_Driver/Src/stm32f4xx_hal_pcd.o
                0x0800b6e8                HAL_PCD_EP_Transmit
 .text.HAL_PCD_EP_SetStall
                0x0800b75c       0xc6 ./Drivers/STM32F4xx_HAL_Driver/Src/stm32f4xx_hal_pcd.o
                0x0800b75c                HAL_PCD_EP_SetStall
 .text.HAL_PCD_EP_ClrStall
                0x0800b822       0xac ./Drivers/STM32F4xx_HAL_Driver/Src/stm32f4xx_hal_pcd.o
                0x0800b822                HAL_PCD_EP_ClrStall
 .text.HAL_PCD_EP_Abort
                0x0800b8ce       0x62 ./Drivers/STM32F4xx_HAL_Driver/Src/stm32f4xx_hal_pcd.o
                0x0800b8ce                HAL_PCD_EP_Abort
 .text.PCD_WriteEmptyTxFifo
                0x0800b930      0x118 ./Drivers/STM32F4xx_HAL_Driver/Src/stm32f4xx_hal_pcd.o
 .text.PCD_EP_OutXfrComplete_int
                0x0800ba48      0x1d0 ./Drivers/STM32F4xx_HAL_Driver/Src/stm32f4xx_hal_pcd.o
 .text.PCD_EP_OutSetupPacket_int
                0x0800bc18       0x8c ./Drivers/STM32F4xx_HAL_Driver/Src/stm32f4xx_hal_pcd.o
 .text.HAL_PCDEx_SetTxFiFo
                0x0800bca4       0x8e ./Drivers/STM32F4xx_HAL_Driver/Src/stm32f4xx_hal_pcd_ex.o
                0x0800bca4                HAL_PCDEx_SetTxFiFo
 .text.HAL_PCDEx_SetRxFiFo
                0x0800bd32       0x22 ./Drivers/STM32F4xx_HAL_Driver/Src/stm32f4xx_hal_pcd_ex.o
                0x0800bd32                HAL_PCDEx_SetRxFiFo
 .text.HAL_PCDEx_LPM_Callback
                0x0800bd54       0x18 ./Drivers/STM32F4xx_HAL_Driver/Src/stm32f4xx_hal_pcd_ex.o
                0x0800bd54                HAL_PCDEx_LPM_Callback
 .text.HAL_RCC_OscConfig
                0x0800bd6c      0x4f0 ./Drivers/STM32F4xx_HAL_Driver/Src/stm32f4xx_hal_rcc.o
                0x0800bd6c                HAL_RCC_OscConfig
 .text.HAL_RCC_ClockConfig
                0x0800c25c      0x1cc ./Drivers/STM32F4xx_HAL_Driver/Src/stm32f4xx_hal_rcc.o
                0x0800c25c                HAL_RCC_ClockConfig
 .text.HAL_RCC_GetSysClockFreq
                0x0800c428      0x20c ./Drivers/STM32F4xx_HAL_Driver/Src/stm32f4xx_hal_rcc.o
                0x0800c428                HAL_RCC_GetSysClockFreq
 .text.HAL_RCC_GetHCLKFreq
                0x0800c634       0x18 ./Drivers/STM32F4xx_HAL_Driver/Src/stm32f4xx_hal_rcc.o
                0x0800c634                HAL_RCC_GetHCLKFreq
 .text.HAL_RCC_GetPCLK1Freq
                0x0800c64c       0x28 ./Drivers/STM32F4xx_HAL_Driver/Src/stm32f4xx_hal_rcc.o
                0x0800c64c                HAL_RCC_GetPCLK1Freq
 .text.HAL_RCC_GetPCLK2Freq
                0x0800c674       0x28 ./Drivers/STM32F4xx_HAL_Driver/Src/stm32f4xx_hal_rcc.o
                0x0800c674                HAL_RCC_GetPCLK2Freq
 .text.HAL_SRAM_Init
                0x0800c69c       0x90 ./Drivers/STM32F4xx_HAL_Driver/Src/stm32f4xx_hal_sram.o
                0x0800c69c                HAL_SRAM_Init
 .text.HAL_TIM_Base_Init
                0x0800c72c       0x9e ./Drivers/STM32F4xx_HAL_Driver/Src/stm32f4xx_hal_tim.o
                0x0800c72c                HAL_TIM_Base_Init
 *fill*         0x0800c7ca        0x2 
 .text.HAL_TIM_Base_Start
                0x0800c7cc       0xd0 ./Drivers/STM32F4xx_HAL_Driver/Src/stm32f4xx_hal_tim.o
                0x0800c7cc                HAL_TIM_Base_Start
 .text.HAL_TIM_Base_Stop
                0x0800c89c       0x4e ./Drivers/STM32F4xx_HAL_Driver/Src/stm32f4xx_hal_tim.o
                0x0800c89c                HAL_TIM_Base_Stop
 *fill*         0x0800c8ea        0x2 
 .text.TIM_Base_SetConfig
                0x0800c8ec      0x14c ./Drivers/STM32F4xx_HAL_Driver/Src/stm32f4xx_hal_tim.o
                0x0800c8ec                TIM_Base_SetConfig
 .text.HAL_TIMEx_MasterConfigSynchronization
                0x0800ca38       0xf8 ./Drivers/STM32F4xx_HAL_Driver/Src/stm32f4xx_hal_tim_ex.o
                0x0800ca38                HAL_TIMEx_MasterConfigSynchronization
 .text.HAL_UART_Init
                0x0800cb30       0xa0 ./Drivers/STM32F4xx_HAL_Driver/Src/stm32f4xx_hal_uart.o
                0x0800cb30                HAL_UART_Init
 .text.HAL_UART_Transmit
                0x0800cbd0      0x116 ./Drivers/STM32F4xx_HAL_Driver/Src/stm32f4xx_hal_uart.o
                0x0800cbd0                HAL_UART_Transmit
 .text.UART_WaitOnFlagUntilTimeout
                0x0800cce6       0xb2 ./Drivers/STM32F4xx_HAL_Driver/Src/stm32f4xx_hal_uart.o
 .text.UART_EndRxTransfer
                0x0800cd98       0xc6 ./Drivers/STM32F4xx_HAL_Driver/Src/stm32f4xx_hal_uart.o
 *fill*         0x0800ce5e        0x2 
 .text.UART_SetConfig
                0x0800ce60      0x4e8 ./Drivers/STM32F4xx_HAL_Driver/Src/stm32f4xx_hal_uart.o
 .text.FSMC_NORSRAM_Init
                0x0800d348       0xd4 ./Drivers/STM32F4xx_HAL_Driver/Src/stm32f4xx_ll_fsmc.o
                0x0800d348                FSMC_NORSRAM_Init
 .text.FSMC_NORSRAM_Timing_Init
                0x0800d41c       0x5c ./Drivers/STM32F4xx_HAL_Driver/Src/stm32f4xx_ll_fsmc.o
                0x0800d41c                FSMC_NORSRAM_Timing_Init
 .text.FSMC_NORSRAM_Extended_Timing_Init
                0x0800d478       0x70 ./Drivers/STM32F4xx_HAL_Driver/Src/stm32f4xx_ll_fsmc.o
                0x0800d478                FSMC_NORSRAM_Extended_Timing_Init
 .text.USB_CoreInit
                0x0800d4e8       0xc8 ./Drivers/STM32F4xx_HAL_Driver/Src/stm32f4xx_ll_usb.o
                0x0800d4e8                USB_CoreInit
 .text.USB_SetTurnaroundTime
                0x0800d5b0      0x144 ./Drivers/STM32F4xx_HAL_Driver/Src/stm32f4xx_ll_usb.o
                0x0800d5b0                USB_SetTurnaroundTime
 .text.USB_EnableGlobalInt
                0x0800d6f4       0x22 ./Drivers/STM32F4xx_HAL_Driver/Src/stm32f4xx_ll_usb.o
                0x0800d6f4                USB_EnableGlobalInt
 .text.USB_DisableGlobalInt
                0x0800d716       0x22 ./Drivers/STM32F4xx_HAL_Driver/Src/stm32f4xx_ll_usb.o
                0x0800d716                USB_DisableGlobalInt
 .text.USB_SetCurrentMode
                0x0800d738       0x98 ./Drivers/STM32F4xx_HAL_Driver/Src/stm32f4xx_ll_usb.o
                0x0800d738                USB_SetCurrentMode
 .text.USB_DevInit
                0x0800d7d0      0x2c8 ./Drivers/STM32F4xx_HAL_Driver/Src/stm32f4xx_ll_usb.o
                0x0800d7d0                USB_DevInit
 .text.USB_FlushTxFifo
                0x0800da98       0x64 ./Drivers/STM32F4xx_HAL_Driver/Src/stm32f4xx_ll_usb.o
                0x0800da98                USB_FlushTxFifo
 .text.USB_FlushRxFifo
                0x0800dafc       0x5c ./Drivers/STM32F4xx_HAL_Driver/Src/stm32f4xx_ll_usb.o
                0x0800dafc                USB_FlushRxFifo
 .text.USB_SetDevSpeed
                0x0800db58       0x32 ./Drivers/STM32F4xx_HAL_Driver/Src/stm32f4xx_ll_usb.o
                0x0800db58                USB_SetDevSpeed
 .text.USB_GetDevSpeed
                0x0800db8a       0x4a ./Drivers/STM32F4xx_HAL_Driver/Src/stm32f4xx_ll_usb.o
                0x0800db8a                USB_GetDevSpeed
 .text.USB_ActivateEndpoint
                0x0800dbd4      0x10e ./Drivers/STM32F4xx_HAL_Driver/Src/stm32f4xx_ll_usb.o
                0x0800dbd4                USB_ActivateEndpoint
 *fill*         0x0800dce2        0x2 
 .text.USB_DeactivateEndpoint
                0x0800dce4      0x1b8 ./Drivers/STM32F4xx_HAL_Driver/Src/stm32f4xx_ll_usb.o
                0x0800dce4                USB_DeactivateEndpoint
 .text.USB_EPStartXfer
                0x0800de9c      0x53c ./Drivers/STM32F4xx_HAL_Driver/Src/stm32f4xx_ll_usb.o
                0x0800de9c                USB_EPStartXfer
 .text.USB_EPStopXfer
                0x0800e3d8      0x154 ./Drivers/STM32F4xx_HAL_Driver/Src/stm32f4xx_ll_usb.o
                0x0800e3d8                USB_EPStopXfer
 .text.USB_WritePacket
                0x0800e52c       0x7c ./Drivers/STM32F4xx_HAL_Driver/Src/stm32f4xx_ll_usb.o
                0x0800e52c                USB_WritePacket
 .text.USB_ReadPacket
                0x0800e5a8       0xb0 ./Drivers/STM32F4xx_HAL_Driver/Src/stm32f4xx_ll_usb.o
                0x0800e5a8                USB_ReadPacket
 .text.USB_EPSetStall
                0x0800e658       0xdc ./Drivers/STM32F4xx_HAL_Driver/Src/stm32f4xx_ll_usb.o
                0x0800e658                USB_EPSetStall
 .text.USB_EPClearStall
                0x0800e734       0xcc ./Drivers/STM32F4xx_HAL_Driver/Src/stm32f4xx_ll_usb.o
                0x0800e734                USB_EPClearStall
 .text.USB_SetDevAddress
                0x0800e800       0x4c ./Drivers/STM32F4xx_HAL_Driver/Src/stm32f4xx_ll_usb.o
                0x0800e800                USB_SetDevAddress
 .text.USB_DevConnect
                0x0800e84c       0x42 ./Drivers/STM32F4xx_HAL_Driver/Src/stm32f4xx_ll_usb.o
                0x0800e84c                USB_DevConnect
 .text.USB_DevDisconnect
                0x0800e88e       0x42 ./Drivers/STM32F4xx_HAL_Driver/Src/stm32f4xx_ll_usb.o
                0x0800e88e                USB_DevDisconnect
 .text.USB_ReadInterrupts
                0x0800e8d0       0x26 ./Drivers/STM32F4xx_HAL_Driver/Src/stm32f4xx_ll_usb.o
                0x0800e8d0                USB_ReadInterrupts
 .text.USB_ReadDevAllOutEpInterrupt
                0x0800e8f6       0x34 ./Drivers/STM32F4xx_HAL_Driver/Src/stm32f4xx_ll_usb.o
                0x0800e8f6                USB_ReadDevAllOutEpInterrupt
 .text.USB_ReadDevAllInEpInterrupt
                0x0800e92a       0x34 ./Drivers/STM32F4xx_HAL_Driver/Src/stm32f4xx_ll_usb.o
                0x0800e92a                USB_ReadDevAllInEpInterrupt
 .text.USB_ReadDevOutEPInterrupt
                0x0800e95e       0x3c ./Drivers/STM32F4xx_HAL_Driver/Src/stm32f4xx_ll_usb.o
                0x0800e95e                USB_ReadDevOutEPInterrupt
 .text.USB_ReadDevInEPInterrupt
                0x0800e99a       0x5c ./Drivers/STM32F4xx_HAL_Driver/Src/stm32f4xx_ll_usb.o
                0x0800e99a                USB_ReadDevInEPInterrupt
 .text.USB_GetMode
                0x0800e9f6       0x1c ./Drivers/STM32F4xx_HAL_Driver/Src/stm32f4xx_ll_usb.o
                0x0800e9f6                USB_GetMode
 .text.USB_ActivateSetup
                0x0800ea12       0x46 ./Drivers/STM32F4xx_HAL_Driver/Src/stm32f4xx_ll_usb.o
                0x0800ea12                USB_ActivateSetup
 .text.USB_EP0_OutStart
                0x0800ea58       0xbc ./Drivers/STM32F4xx_HAL_Driver/Src/stm32f4xx_ll_usb.o
                0x0800ea58                USB_EP0_OutStart
 .text.USB_CoreReset
                0x0800eb14       0x70 ./Drivers/STM32F4xx_HAL_Driver/Src/stm32f4xx_ll_usb.o
 .text.USBD_Init
                0x0800eb84       0x60 ./Middlewares/ST/STM32_USB_Device_Library/Core/Src/usbd_core.o
                0x0800eb84                USBD_Init
 .text.USBD_RegisterClass
                0x0800ebe4       0x6c ./Middlewares/ST/STM32_USB_Device_Library/Core/Src/usbd_core.o
                0x0800ebe4                USBD_RegisterClass
 .text.USBD_Start
                0x0800ec50       0x18 ./Middlewares/ST/STM32_USB_Device_Library/Core/Src/usbd_core.o
                0x0800ec50                USBD_Start
 .text.USBD_RunTestMode
                0x0800ec68       0x16 ./Middlewares/ST/STM32_USB_Device_Library/Core/Src/usbd_core.o
                0x0800ec68                USBD_RunTestMode
 .text.USBD_SetClassConfig
                0x0800ec7e       0x38 ./Middlewares/ST/STM32_USB_Device_Library/Core/Src/usbd_core.o
                0x0800ec7e                USBD_SetClassConfig
 .text.USBD_ClrClassConfig
                0x0800ecb6       0x34 ./Middlewares/ST/STM32_USB_Device_Library/Core/Src/usbd_core.o
                0x0800ecb6                USBD_ClrClassConfig
 .text.USBD_LL_SetupStage
                0x0800ecea       0xaa ./Middlewares/ST/STM32_USB_Device_Library/Core/Src/usbd_core.o
                0x0800ecea                USBD_LL_SetupStage
 .text.USBD_LL_DataOutStage
                0x0800ed94      0x178 ./Middlewares/ST/STM32_USB_Device_Library/Core/Src/usbd_core.o
                0x0800ed94                USBD_LL_DataOutStage
 .text.USBD_LL_DataInStage
                0x0800ef0c      0x176 ./Middlewares/ST/STM32_USB_Device_Library/Core/Src/usbd_core.o
                0x0800ef0c                USBD_LL_DataInStage
 .text.USBD_LL_Reset
                0x0800f082       0xa6 ./Middlewares/ST/STM32_USB_Device_Library/Core/Src/usbd_core.o
                0x0800f082                USBD_LL_Reset
 .text.USBD_LL_SetSpeed
                0x0800f128       0x20 ./Middlewares/ST/STM32_USB_Device_Library/Core/Src/usbd_core.o
                0x0800f128                USBD_LL_SetSpeed
 .text.USBD_LL_Suspend
                0x0800f148       0x38 ./Middlewares/ST/STM32_USB_Device_Library/Core/Src/usbd_core.o
                0x0800f148                USBD_LL_Suspend
 .text.USBD_LL_Resume
                0x0800f180       0x30 ./Middlewares/ST/STM32_USB_Device_Library/Core/Src/usbd_core.o
                0x0800f180                USBD_LL_Resume
 .text.USBD_LL_SOF
                0x0800f1b0       0x40 ./Middlewares/ST/STM32_USB_Device_Library/Core/Src/usbd_core.o
                0x0800f1b0                USBD_LL_SOF
 .text.USBD_LL_IsoINIncomplete
                0x0800f1f0       0x64 ./Middlewares/ST/STM32_USB_Device_Library/Core/Src/usbd_core.o
                0x0800f1f0                USBD_LL_IsoINIncomplete
 .text.USBD_LL_IsoOUTIncomplete
                0x0800f254       0x64 ./Middlewares/ST/STM32_USB_Device_Library/Core/Src/usbd_core.o
                0x0800f254                USBD_LL_IsoOUTIncomplete
 .text.USBD_LL_DevConnected
                0x0800f2b8       0x16 ./Middlewares/ST/STM32_USB_Device_Library/Core/Src/usbd_core.o
                0x0800f2b8                USBD_LL_DevConnected
 .text.USBD_LL_DevDisconnected
                0x0800f2ce       0x46 ./Middlewares/ST/STM32_USB_Device_Library/Core/Src/usbd_core.o
                0x0800f2ce                USBD_LL_DevDisconnected
 .text.USBD_CoreFindIF
                0x0800f314       0x1a ./Middlewares/ST/STM32_USB_Device_Library/Core/Src/usbd_core.o
                0x0800f314                USBD_CoreFindIF
 .text.USBD_CoreFindEP
                0x0800f32e       0x1a ./Middlewares/ST/STM32_USB_Device_Library/Core/Src/usbd_core.o
                0x0800f32e                USBD_CoreFindEP
 .text.SWAPBYTE
                0x0800f348       0x3e ./Middlewares/ST/STM32_USB_Device_Library/Core/Src/usbd_ctlreq.o
 *fill*         0x0800f386        0x2 
 .text.USBD_StdDevReq
                0x0800f388       0xe4 ./Middlewares/ST/STM32_USB_Device_Library/Core/Src/usbd_ctlreq.o
                0x0800f388                USBD_StdDevReq
 .text.USBD_StdItfReq
                0x0800f46c       0xd8 ./Middlewares/ST/STM32_USB_Device_Library/Core/Src/usbd_ctlreq.o
                0x0800f46c                USBD_StdItfReq
 .text.USBD_StdEPReq
                0x0800f544      0x33e ./Middlewares/ST/STM32_USB_Device_Library/Core/Src/usbd_ctlreq.o
                0x0800f544                USBD_StdEPReq
 *fill*         0x0800f882        0x2 
 .text.USBD_GetDescriptor
                0x0800f884      0x2d4 ./Middlewares/ST/STM32_USB_Device_Library/Core/Src/usbd_ctlreq.o
 .text.USBD_SetAddress
                0x0800fb58       0x88 ./Middlewares/ST/STM32_USB_Device_Library/Core/Src/usbd_ctlreq.o
 .text.USBD_SetConfig
                0x0800fbe0      0x154 ./Middlewares/ST/STM32_USB_Device_Library/Core/Src/usbd_ctlreq.o
 .text.USBD_GetConfig
                0x0800fd34       0x6c ./Middlewares/ST/STM32_USB_Device_Library/Core/Src/usbd_ctlreq.o
 .text.USBD_GetStatus
                0x0800fda0       0x68 ./Middlewares/ST/STM32_USB_Device_Library/Core/Src/usbd_ctlreq.o
 .text.USBD_SetFeature
                0x0800fe08       0x52 ./Middlewares/ST/STM32_USB_Device_Library/Core/Src/usbd_ctlreq.o
 .text.USBD_ClrFeature
                0x0800fe5a       0x44 ./Middlewares/ST/STM32_USB_Device_Library/Core/Src/usbd_ctlreq.o
 .text.USBD_ParseSetupRequest
                0x0800fe9e       0x74 ./Middlewares/ST/STM32_USB_Device_Library/Core/Src/usbd_ctlreq.o
                0x0800fe9e                USBD_ParseSetupRequest
 .text.USBD_CtlError
                0x0800ff12       0x22 ./Middlewares/ST/STM32_USB_Device_Library/Core/Src/usbd_ctlreq.o
                0x0800ff12                USBD_CtlError
 .text.USBD_GetString
                0x0800ff34       0xa4 ./Middlewares/ST/STM32_USB_Device_Library/Core/Src/usbd_ctlreq.o
                0x0800ff34                USBD_GetString
 .text.USBD_GetLen
                0x0800ffd8       0x34 ./Middlewares/ST/STM32_USB_Device_Library/Core/Src/usbd_ctlreq.o
 .text.USBD_CtlSendData
                0x0801000c       0x3c ./Middlewares/ST/STM32_USB_Device_Library/Core/Src/usbd_ioreq.o
                0x0801000c                USBD_CtlSendData
 .text.USBD_CtlContinueSendData
                0x08010048       0x22 ./Middlewares/ST/STM32_USB_Device_Library/Core/Src/usbd_ioreq.o
                0x08010048                USBD_CtlContinueSendData
 .text.USBD_CtlPrepareRx
                0x0801006a       0x42 ./Middlewares/ST/STM32_USB_Device_Library/Core/Src/usbd_ioreq.o
                0x0801006a                USBD_CtlPrepareRx
 .text.USBD_CtlContinueRx
                0x080100ac       0x22 ./Middlewares/ST/STM32_USB_Device_Library/Core/Src/usbd_ioreq.o
                0x080100ac                USBD_CtlContinueRx
 .text.USBD_CtlSendStatus
                0x080100ce       0x26 ./Middlewares/ST/STM32_USB_Device_Library/Core/Src/usbd_ioreq.o
                0x080100ce                USBD_CtlSendStatus
 .text.USBD_CtlReceiveStatus
                0x080100f4       0x26 ./Middlewares/ST/STM32_USB_Device_Library/Core/Src/usbd_ioreq.o
                0x080100f4                USBD_CtlReceiveStatus
 *fill*         0x0801011a        0x2 
 .text.MX_USB_DEVICE_Init
                0x0801011c       0x60 ./USB_DEVICE/App/usb_device.o
                0x0801011c                MX_USB_DEVICE_Init
 .text.USBD_FS_DeviceDescriptor
                0x0801017c       0x24 ./USB_DEVICE/App/usbd_desc.o
                0x0801017c                USBD_FS_DeviceDescriptor
 .text.USBD_FS_LangIDStrDescriptor
                0x080101a0       0x24 ./USB_DEVICE/App/usbd_desc.o
                0x080101a0                USBD_FS_LangIDStrDescriptor
 .text.USBD_FS_ProductStrDescriptor
                0x080101c4       0x3c ./USB_DEVICE/App/usbd_desc.o
                0x080101c4                USBD_FS_ProductStrDescriptor
 .text.USBD_FS_ManufacturerStrDescriptor
                0x08010200       0x28 ./USB_DEVICE/App/usbd_desc.o
                0x08010200                USBD_FS_ManufacturerStrDescriptor
 .text.USBD_FS_SerialStrDescriptor
                0x08010228       0x24 ./USB_DEVICE/App/usbd_desc.o
                0x08010228                USBD_FS_SerialStrDescriptor
 .text.USBD_FS_ConfigStrDescriptor
                0x0801024c       0x3c ./USB_DEVICE/App/usbd_desc.o
                0x0801024c                USBD_FS_ConfigStrDescriptor
 .text.USBD_FS_InterfaceStrDescriptor
                0x08010288       0x3c ./USB_DEVICE/App/usbd_desc.o
                0x08010288                USBD_FS_InterfaceStrDescriptor
 .text.Get_SerialNum
                0x080102c4       0x58 ./USB_DEVICE/App/usbd_desc.o
 .text.IntToUnicode
                0x0801031c       0x7e ./USB_DEVICE/App/usbd_desc.o
 *fill*         0x0801039a        0x2 
 .text.USBD_UVC_Init
                0x0801039c       0xd8 ./USB_DEVICE/App/usbd_uvc.o
 .text.USBD_UVC_DeInit
                0x08010474       0x58 ./USB_DEVICE/App/usbd_uvc.o
 .text.USBD_UVC_Setup
                0x080104cc      0x24c ./USB_DEVICE/App/usbd_uvc.o
 .text.USBD_UVC_DataIn
                0x08010718      0x154 ./USB_DEVICE/App/usbd_uvc.o
 .text.USBD_UVC_DataOut
                0x0801086c       0x1a ./USB_DEVICE/App/usbd_uvc.o
 *fill*         0x08010886        0x2 
 .text.USBD_UVC_EP0_RxReady
                0x08010888       0x40 ./USB_DEVICE/App/usbd_uvc.o
 .text.USBD_UVC_GetFSCfgDesc
                0x080108c8       0x20 ./USB_DEVICE/App/usbd_uvc.o
 .text.USBD_UVC_GetDeviceQualifierDescriptor
                0x080108e8       0x20 ./USB_DEVICE/App/usbd_uvc.o
 .text.USBD_UVC_RegisterInterface
                0x08010908       0x2c ./USB_DEVICE/App/usbd_uvc.o
                0x08010908                USBD_UVC_RegisterInterface
 .text.USBD_UVC_TransmitFrame
                0x08010934       0xf0 ./USB_DEVICE/App/usbd_uvc.o
                0x08010934                USBD_UVC_TransmitFrame
 .text.UVC_Init_FS
                0x08010a24       0x10 ./USB_DEVICE/App/usbd_uvc_if.o
 .text.UVC_DeInit_FS
                0x08010a34       0x10 ./USB_DEVICE/App/usbd_uvc_if.o
 .text.UVC_Control_FS
                0x08010a44       0x1e ./USB_DEVICE/App/usbd_uvc_if.o
 .text.UVC_StartStreaming_FS
                0x08010a62       0x10 ./USB_DEVICE/App/usbd_uvc_if.o
 .text.UVC_StopStreaming_FS
                0x08010a72       0x10 ./USB_DEVICE/App/usbd_uvc_if.o
 *fill*         0x08010a82        0x2 
 .text.UVC_Transmit_FS
                0x08010a84       0x24 ./USB_DEVICE/App/usbd_uvc_if.o
                0x08010a84                UVC_Transmit_FS
 .text.HAL_PCD_MspInit
                0x08010aa8       0xa8 ./USB_DEVICE/Target/usbd_conf.o
                0x08010aa8                HAL_PCD_MspInit
 .text.HAL_PCD_SetupStageCallback
                0x08010b50       0x24 ./USB_DEVICE/Target/usbd_conf.o
                0x08010b50                HAL_PCD_SetupStageCallback
 .text.HAL_PCD_DataOutStageCallback
                0x08010b74       0x36 ./USB_DEVICE/Target/usbd_conf.o
                0x08010b74                HAL_PCD_DataOutStageCallback
 .text.HAL_PCD_DataInStageCallback
                0x08010baa       0x34 ./USB_DEVICE/Target/usbd_conf.o
                0x08010baa                HAL_PCD_DataInStageCallback
 .text.HAL_PCD_SOFCallback
                0x08010bde       0x1c ./USB_DEVICE/Target/usbd_conf.o
                0x08010bde                HAL_PCD_SOFCallback
 .text.HAL_PCD_ResetCallback
                0x08010bfa       0x50 ./USB_DEVICE/Target/usbd_conf.o
                0x08010bfa                HAL_PCD_ResetCallback
 *fill*         0x08010c4a        0x2 
 .text.HAL_PCD_SuspendCallback
                0x08010c4c       0x4c ./USB_DEVICE/Target/usbd_conf.o
                0x08010c4c                HAL_PCD_SuspendCallback
 .text.HAL_PCD_ResumeCallback
                0x08010c98       0x1c ./USB_DEVICE/Target/usbd_conf.o
                0x08010c98                HAL_PCD_ResumeCallback
 .text.HAL_PCD_ISOOUTIncompleteCallback
                0x08010cb4       0x24 ./USB_DEVICE/Target/usbd_conf.o
                0x08010cb4                HAL_PCD_ISOOUTIncompleteCallback
 .text.HAL_PCD_ISOINIncompleteCallback
                0x08010cd8       0x24 ./USB_DEVICE/Target/usbd_conf.o
                0x08010cd8                HAL_PCD_ISOINIncompleteCallback
 .text.HAL_PCD_ConnectCallback
                0x08010cfc       0x1c ./USB_DEVICE/Target/usbd_conf.o
                0x08010cfc                HAL_PCD_ConnectCallback
 .text.HAL_PCD_DisconnectCallback
                0x08010d18       0x1c ./USB_DEVICE/Target/usbd_conf.o
                0x08010d18                HAL_PCD_DisconnectCallback
 .text.USBD_LL_Init
                0x08010d34       0x98 ./USB_DEVICE/Target/usbd_conf.o
                0x08010d34                USBD_LL_Init
 .text.USBD_LL_Start
                0x08010dcc       0x36 ./USB_DEVICE/Target/usbd_conf.o
                0x08010dcc                USBD_LL_Start
 .text.USBD_LL_OpenEP
                0x08010e02       0x4c ./USB_DEVICE/Target/usbd_conf.o
                0x08010e02                USBD_LL_OpenEP
 .text.USBD_LL_CloseEP
                0x08010e4e       0x3e ./USB_DEVICE/Target/usbd_conf.o
                0x08010e4e                USBD_LL_CloseEP
 .text.USBD_LL_StallEP
                0x08010e8c       0x3e ./USB_DEVICE/Target/usbd_conf.o
                0x08010e8c                USBD_LL_StallEP
 .text.USBD_LL_ClearStallEP
                0x08010eca       0x3e ./USB_DEVICE/Target/usbd_conf.o
                0x08010eca                USBD_LL_ClearStallEP
 .text.USBD_LL_IsStallEP
                0x08010f08       0x58 ./USB_DEVICE/Target/usbd_conf.o
                0x08010f08                USBD_LL_IsStallEP
 .text.USBD_LL_SetUSBAddress
                0x08010f60       0x3e ./USB_DEVICE/Target/usbd_conf.o
                0x08010f60                USBD_LL_SetUSBAddress
 .text.USBD_LL_Transmit
                0x08010f9e       0x42 ./USB_DEVICE/Target/usbd_conf.o
                0x08010f9e                USBD_LL_Transmit
 .text.USBD_LL_PrepareReceive
                0x08010fe0       0x42 ./USB_DEVICE/Target/usbd_conf.o
                0x08010fe0                USBD_LL_PrepareReceive
 *fill*         0x08011022        0x2 
 .text.USBD_static_malloc
                0x08011024       0x1c ./USB_DEVICE/Target/usbd_conf.o
                0x08011024                USBD_static_malloc
 .text.USBD_static_free
                0x08011040       0x14 ./USB_DEVICE/Target/usbd_conf.o
                0x08011040                USBD_static_free
 .text.USBD_Get_USB_Status
                0x08011054       0x58 ./USB_DEVICE/Target/usbd_conf.o
                0x08011054                USBD_Get_USB_Status
 .text.std      0x080110ac       0x6c E:/ST/STM32CubeIDE_1.19.0/STM32CubeIDE/plugins/com.st.stm32cube.ide.mcu.externaltools.gnu-tools-for-stm32.13.3.rel1.win32_1.0.0.202411081344/tools/bin/../lib/gcc/arm-none-eabi/13.3.1/../../../../arm-none-eabi/lib/thumb/v7e-m+fp/hard\libc_nano.a(libc_a-findfp.o)
 .text.stdio_exit_handler
                0x08011118       0x18 E:/ST/STM32CubeIDE_1.19.0/STM32CubeIDE/plugins/com.st.stm32cube.ide.mcu.externaltools.gnu-tools-for-stm32.13.3.rel1.win32_1.0.0.202411081344/tools/bin/../lib/gcc/arm-none-eabi/13.3.1/../../../../arm-none-eabi/lib/thumb/v7e-m+fp/hard\libc_nano.a(libc_a-findfp.o)
 .text.cleanup_stdio
                0x08011130       0x40 E:/ST/STM32CubeIDE_1.19.0/STM32CubeIDE/plugins/com.st.stm32cube.ide.mcu.externaltools.gnu-tools-for-stm32.13.3.rel1.win32_1.0.0.202411081344/tools/bin/../lib/gcc/arm-none-eabi/13.3.1/../../../../arm-none-eabi/lib/thumb/v7e-m+fp/hard\libc_nano.a(libc_a-findfp.o)
 .text.global_stdio_init.part.0
                0x08011170       0x3c E:/ST/STM32CubeIDE_1.19.0/STM32CubeIDE/plugins/com.st.stm32cube.ide.mcu.externaltools.gnu-tools-for-stm32.13.3.rel1.win32_1.0.0.202411081344/tools/bin/../lib/gcc/arm-none-eabi/13.3.1/../../../../arm-none-eabi/lib/thumb/v7e-m+fp/hard\libc_nano.a(libc_a-findfp.o)
 .text.__sfp_lock_acquire
                0x080111ac        0xc E:/ST/STM32CubeIDE_1.19.0/STM32CubeIDE/plugins/com.st.stm32cube.ide.mcu.externaltools.gnu-tools-for-stm32.13.3.rel1.win32_1.0.0.202411081344/tools/bin/../lib/gcc/arm-none-eabi/13.3.1/../../../../arm-none-eabi/lib/thumb/v7e-m+fp/hard\libc_nano.a(libc_a-findfp.o)
                0x080111ac                __sfp_lock_acquire
 .text.__sfp_lock_release
                0x080111b8        0xc E:/ST/STM32CubeIDE_1.19.0/STM32CubeIDE/plugins/com.st.stm32cube.ide.mcu.externaltools.gnu-tools-for-stm32.13.3.rel1.win32_1.0.0.202411081344/tools/bin/../lib/gcc/arm-none-eabi/13.3.1/../../../../arm-none-eabi/lib/thumb/v7e-m+fp/hard\libc_nano.a(libc_a-findfp.o)
                0x080111b8                __sfp_lock_release
 .text.__sinit  0x080111c4       0x30 E:/ST/STM32CubeIDE_1.19.0/STM32CubeIDE/plugins/com.st.stm32cube.ide.mcu.externaltools.gnu-tools-for-stm32.13.3.rel1.win32_1.0.0.202411081344/tools/bin/../lib/gcc/arm-none-eabi/13.3.1/../../../../arm-none-eabi/lib/thumb/v7e-m+fp/hard\libc_nano.a(libc_a-findfp.o)
                0x080111c4                __sinit
 .text._fwalk_sglue
                0x080111f4       0x3c E:/ST/STM32CubeIDE_1.19.0/STM32CubeIDE/plugins/com.st.stm32cube.ide.mcu.externaltools.gnu-tools-for-stm32.13.3.rel1.win32_1.0.0.202411081344/tools/bin/../lib/gcc/arm-none-eabi/13.3.1/../../../../arm-none-eabi/lib/thumb/v7e-m+fp/hard\libc_nano.a(libc_a-fwalk.o)
                0x080111f4                _fwalk_sglue
 .text.printf   0x08011230       0x24 E:/ST/STM32CubeIDE_1.19.0/STM32CubeIDE/plugins/com.st.stm32cube.ide.mcu.externaltools.gnu-tools-for-stm32.13.3.rel1.win32_1.0.0.202411081344/tools/bin/../lib/gcc/arm-none-eabi/13.3.1/../../../../arm-none-eabi/lib/thumb/v7e-m+fp/hard\libc_nano.a(libc_a-printf.o)
                0x08011230                iprintf
                0x08011230                printf
 .text._puts_r  0x08011254       0xaa E:/ST/STM32CubeIDE_1.19.0/STM32CubeIDE/plugins/com.st.stm32cube.ide.mcu.externaltools.gnu-tools-for-stm32.13.3.rel1.win32_1.0.0.202411081344/tools/bin/../lib/gcc/arm-none-eabi/13.3.1/../../../../arm-none-eabi/lib/thumb/v7e-m+fp/hard\libc_nano.a(libc_a-puts.o)
                0x08011254                _puts_r
 *fill*         0x080112fe        0x2 
 .text.puts     0x08011300       0x10 E:/ST/STM32CubeIDE_1.19.0/STM32CubeIDE/plugins/com.st.stm32cube.ide.mcu.externaltools.gnu-tools-for-stm32.13.3.rel1.win32_1.0.0.202411081344/tools/bin/../lib/gcc/arm-none-eabi/13.3.1/../../../../arm-none-eabi/lib/thumb/v7e-m+fp/hard\libc_nano.a(libc_a-puts.o)
                0x08011300                puts
 .text.sprintf  0x08011310       0x44 E:/ST/STM32CubeIDE_1.19.0/STM32CubeIDE/plugins/com.st.stm32cube.ide.mcu.externaltools.gnu-tools-for-stm32.13.3.rel1.win32_1.0.0.202411081344/tools/bin/../lib/gcc/arm-none-eabi/13.3.1/../../../../arm-none-eabi/lib/thumb/v7e-m+fp/hard\libc_nano.a(libc_a-sprintf.o)
                0x08011310                siprintf
                0x08011310                sprintf
 .text.__sread  0x08011354       0x22 E:/ST/STM32CubeIDE_1.19.0/STM32CubeIDE/plugins/com.st.stm32cube.ide.mcu.externaltools.gnu-tools-for-stm32.13.3.rel1.win32_1.0.0.202411081344/tools/bin/../lib/gcc/arm-none-eabi/13.3.1/../../../../arm-none-eabi/lib/thumb/v7e-m+fp/hard\libc_nano.a(libc_a-stdio.o)
                0x08011354                __sread
 .text.__swrite
                0x08011376       0x38 E:/ST/STM32CubeIDE_1.19.0/STM32CubeIDE/plugins/com.st.stm32cube.ide.mcu.externaltools.gnu-tools-for-stm32.13.3.rel1.win32_1.0.0.202411081344/tools/bin/../lib/gcc/arm-none-eabi/13.3.1/../../../../arm-none-eabi/lib/thumb/v7e-m+fp/hard\libc_nano.a(libc_a-stdio.o)
                0x08011376                __swrite
 .text.__sseek  0x080113ae       0x24 E:/ST/STM32CubeIDE_1.19.0/STM32CubeIDE/plugins/com.st.stm32cube.ide.mcu.externaltools.gnu-tools-for-stm32.13.3.rel1.win32_1.0.0.202411081344/tools/bin/../lib/gcc/arm-none-eabi/13.3.1/../../../../arm-none-eabi/lib/thumb/v7e-m+fp/hard\libc_nano.a(libc_a-stdio.o)
                0x080113ae                __sseek
 .text.__sclose
                0x080113d2        0x8 E:/ST/STM32CubeIDE_1.19.0/STM32CubeIDE/plugins/com.st.stm32cube.ide.mcu.externaltools.gnu-tools-for-stm32.13.3.rel1.win32_1.0.0.202411081344/tools/bin/../lib/gcc/arm-none-eabi/13.3.1/../../../../arm-none-eabi/lib/thumb/v7e-m+fp/hard\libc_nano.a(libc_a-stdio.o)
                0x080113d2                __sclose
 .text.__swbuf_r
                0x080113da       0x7c E:/ST/STM32CubeIDE_1.19.0/STM32CubeIDE/plugins/com.st.stm32cube.ide.mcu.externaltools.gnu-tools-for-stm32.13.3.rel1.win32_1.0.0.202411081344/tools/bin/../lib/gcc/arm-none-eabi/13.3.1/../../../../arm-none-eabi/lib/thumb/v7e-m+fp/hard\libc_nano.a(libc_a-wbuf.o)
                0x080113da                __swbuf_r
 *fill*         0x08011456        0x2 
 .text.__swsetup_r
                0x08011458       0xac E:/ST/STM32CubeIDE_1.19.0/STM32CubeIDE/plugins/com.st.stm32cube.ide.mcu.externaltools.gnu-tools-for-stm32.13.3.rel1.win32_1.0.0.202411081344/tools/bin/../lib/gcc/arm-none-eabi/13.3.1/../../../../arm-none-eabi/lib/thumb/v7e-m+fp/hard\libc_nano.a(libc_a-wsetup.o)
                0x08011458                __swsetup_r
 .text.memset   0x08011504       0x10 E:/ST/STM32CubeIDE_1.19.0/STM32CubeIDE/plugins/com.st.stm32cube.ide.mcu.externaltools.gnu-tools-for-stm32.13.3.rel1.win32_1.0.0.202411081344/tools/bin/../lib/gcc/arm-none-eabi/13.3.1/../../../../arm-none-eabi/lib/thumb/v7e-m+fp/hard\libc_nano.a(libc_a-memset.o)
                0x08011504                memset
 .text._close_r
                0x08011514       0x20 E:/ST/STM32CubeIDE_1.19.0/STM32CubeIDE/plugins/com.st.stm32cube.ide.mcu.externaltools.gnu-tools-for-stm32.13.3.rel1.win32_1.0.0.202411081344/tools/bin/../lib/gcc/arm-none-eabi/13.3.1/../../../../arm-none-eabi/lib/thumb/v7e-m+fp/hard\libc_nano.a(libc_a-closer.o)
                0x08011514                _close_r
 .text._lseek_r
                0x08011534       0x24 E:/ST/STM32CubeIDE_1.19.0/STM32CubeIDE/plugins/com.st.stm32cube.ide.mcu.externaltools.gnu-tools-for-stm32.13.3.rel1.win32_1.0.0.202411081344/tools/bin/../lib/gcc/arm-none-eabi/13.3.1/../../../../arm-none-eabi/lib/thumb/v7e-m+fp/hard\libc_nano.a(libc_a-lseekr.o)
                0x08011534                _lseek_r
 .text._read_r  0x08011558       0x24 E:/ST/STM32CubeIDE_1.19.0/STM32CubeIDE/plugins/com.st.stm32cube.ide.mcu.externaltools.gnu-tools-for-stm32.13.3.rel1.win32_1.0.0.202411081344/tools/bin/../lib/gcc/arm-none-eabi/13.3.1/../../../../arm-none-eabi/lib/thumb/v7e-m+fp/hard\libc_nano.a(libc_a-readr.o)
                0x08011558                _read_r
 .text._write_r
                0x0801157c       0x24 E:/ST/STM32CubeIDE_1.19.0/STM32CubeIDE/plugins/com.st.stm32cube.ide.mcu.externaltools.gnu-tools-for-stm32.13.3.rel1.win32_1.0.0.202411081344/tools/bin/../lib/gcc/arm-none-eabi/13.3.1/../../../../arm-none-eabi/lib/thumb/v7e-m+fp/hard\libc_nano.a(libc_a-writer.o)
                0x0801157c                _write_r
 .text.__errno  0x080115a0        0xc E:/ST/STM32CubeIDE_1.19.0/STM32CubeIDE/plugins/com.st.stm32cube.ide.mcu.externaltools.gnu-tools-for-stm32.13.3.rel1.win32_1.0.0.202411081344/tools/bin/../lib/gcc/arm-none-eabi/13.3.1/../../../../arm-none-eabi/lib/thumb/v7e-m+fp/hard\libc_nano.a(libc_a-errno.o)
                0x080115a0                __errno
 .text.__libc_init_array
                0x080115ac       0x48 E:/ST/STM32CubeIDE_1.19.0/STM32CubeIDE/plugins/com.st.stm32cube.ide.mcu.externaltools.gnu-tools-for-stm32.13.3.rel1.win32_1.0.0.202411081344/tools/bin/../lib/gcc/arm-none-eabi/13.3.1/../../../../arm-none-eabi/lib/thumb/v7e-m+fp/hard\libc_nano.a(libc_a-init.o)
                0x080115ac                __libc_init_array
 .text.__retarget_lock_init_recursive
                0x080115f4        0x2 E:/ST/STM32CubeIDE_1.19.0/STM32CubeIDE/plugins/com.st.stm32cube.ide.mcu.externaltools.gnu-tools-for-stm32.13.3.rel1.win32_1.0.0.202411081344/tools/bin/../lib/gcc/arm-none-eabi/13.3.1/../../../../arm-none-eabi/lib/thumb/v7e-m+fp/hard\libc_nano.a(libc_a-lock.o)
                0x080115f4                __retarget_lock_init_recursive
 .text.__retarget_lock_acquire_recursive
                0x080115f6        0x2 E:/ST/STM32CubeIDE_1.19.0/STM32CubeIDE/plugins/com.st.stm32cube.ide.mcu.externaltools.gnu-tools-for-stm32.13.3.rel1.win32_1.0.0.202411081344/tools/bin/../lib/gcc/arm-none-eabi/13.3.1/../../../../arm-none-eabi/lib/thumb/v7e-m+fp/hard\libc_nano.a(libc_a-lock.o)
                0x080115f6                __retarget_lock_acquire_recursive
 .text.__retarget_lock_release_recursive
                0x080115f8        0x2 E:/ST/STM32CubeIDE_1.19.0/STM32CubeIDE/plugins/com.st.stm32cube.ide.mcu.externaltools.gnu-tools-for-stm32.13.3.rel1.win32_1.0.0.202411081344/tools/bin/../lib/gcc/arm-none-eabi/13.3.1/../../../../arm-none-eabi/lib/thumb/v7e-m+fp/hard\libc_nano.a(libc_a-lock.o)
                0x080115f8                __retarget_lock_release_recursive
 .text.memcpy   0x080115fa       0x1c E:/ST/STM32CubeIDE_1.19.0/STM32CubeIDE/plugins/com.st.stm32cube.ide.mcu.externaltools.gnu-tools-for-stm32.13.3.rel1.win32_1.0.0.202411081344/tools/bin/../lib/gcc/arm-none-eabi/13.3.1/../../../../arm-none-eabi/lib/thumb/v7e-m+fp/hard\libc_nano.a(libc_a-memcpy-stub.o)
                0x080115fa                memcpy
 *fill*         0x08011616        0x2 
 .text._free_r  0x08011618       0x94 E:/ST/STM32CubeIDE_1.19.0/STM32CubeIDE/plugins/com.st.stm32cube.ide.mcu.externaltools.gnu-tools-for-stm32.13.3.rel1.win32_1.0.0.202411081344/tools/bin/../lib/gcc/arm-none-eabi/13.3.1/../../../../arm-none-eabi/lib/thumb/v7e-m+fp/hard\libc_nano.a(libc_a-freer.o)
                0x08011618                _free_r
 .text.sbrk_aligned
                0x080116ac       0x44 E:/ST/STM32CubeIDE_1.19.0/STM32CubeIDE/plugins/com.st.stm32cube.ide.mcu.externaltools.gnu-tools-for-stm32.13.3.rel1.win32_1.0.0.202411081344/tools/bin/../lib/gcc/arm-none-eabi/13.3.1/../../../../arm-none-eabi/lib/thumb/v7e-m+fp/hard\libc_nano.a(libc_a-mallocr.o)
 .text._malloc_r
                0x080116f0      0x100 E:/ST/STM32CubeIDE_1.19.0/STM32CubeIDE/plugins/com.st.stm32cube.ide.mcu.externaltools.gnu-tools-for-stm32.13.3.rel1.win32_1.0.0.202411081344/tools/bin/../lib/gcc/arm-none-eabi/13.3.1/../../../../arm-none-eabi/lib/thumb/v7e-m+fp/hard\libc_nano.a(libc_a-mallocr.o)
                0x080116f0                _malloc_r
 .text.__malloc_lock
                0x080117f0        0xc E:/ST/STM32CubeIDE_1.19.0/STM32CubeIDE/plugins/com.st.stm32cube.ide.mcu.externaltools.gnu-tools-for-stm32.13.3.rel1.win32_1.0.0.202411081344/tools/bin/../lib/gcc/arm-none-eabi/13.3.1/../../../../arm-none-eabi/lib/thumb/v7e-m+fp/hard\libc_nano.a(libc_a-mlock.o)
                0x080117f0                __malloc_lock
 .text.__malloc_unlock
                0x080117fc        0xc E:/ST/STM32CubeIDE_1.19.0/STM32CubeIDE/plugins/com.st.stm32cube.ide.mcu.externaltools.gnu-tools-for-stm32.13.3.rel1.win32_1.0.0.202411081344/tools/bin/../lib/gcc/arm-none-eabi/13.3.1/../../../../arm-none-eabi/lib/thumb/v7e-m+fp/hard\libc_nano.a(libc_a-mlock.o)
                0x080117fc                __malloc_unlock
 .text.__ssputs_r
                0x08011808       0xb6 E:/ST/STM32CubeIDE_1.19.0/STM32CubeIDE/plugins/com.st.stm32cube.ide.mcu.externaltools.gnu-tools-for-stm32.13.3.rel1.win32_1.0.0.202411081344/tools/bin/../lib/gcc/arm-none-eabi/13.3.1/../../../../arm-none-eabi/lib/thumb/v7e-m+fp/hard\libc_nano.a(libc_a-nano-svfprintf.o)
                0x08011808                __ssputs_r
 *fill*         0x080118be        0x2 
 .text._svfprintf_r
                0x080118c0      0x1f8 E:/ST/STM32CubeIDE_1.19.0/STM32CubeIDE/plugins/com.st.stm32cube.ide.mcu.externaltools.gnu-tools-for-stm32.13.3.rel1.win32_1.0.0.202411081344/tools/bin/../lib/gcc/arm-none-eabi/13.3.1/../../../../arm-none-eabi/lib/thumb/v7e-m+fp/hard\libc_nano.a(libc_a-nano-svfprintf.o)
                0x080118c0                _svfiprintf_r
                0x080118c0                _svfprintf_r
 .text.__sfputc_r
                0x08011ab8       0x2e E:/ST/STM32CubeIDE_1.19.0/STM32CubeIDE/plugins/com.st.stm32cube.ide.mcu.externaltools.gnu-tools-for-stm32.13.3.rel1.win32_1.0.0.202411081344/tools/bin/../lib/gcc/arm-none-eabi/13.3.1/../../../../arm-none-eabi/lib/thumb/v7e-m+fp/hard\libc_nano.a(libc_a-nano-vfprintf.o)
 .text.__sfputs_r
                0x08011ae6       0x24 E:/ST/STM32CubeIDE_1.19.0/STM32CubeIDE/plugins/com.st.stm32cube.ide.mcu.externaltools.gnu-tools-for-stm32.13.3.rel1.win32_1.0.0.202411081344/tools/bin/../lib/gcc/arm-none-eabi/13.3.1/../../../../arm-none-eabi/lib/thumb/v7e-m+fp/hard\libc_nano.a(libc_a-nano-vfprintf.o)
                0x08011ae6                __sfputs_r
 *fill*         0x08011b0a        0x2 
 .text._vfprintf_r
                0x08011b0c      0x230 E:/ST/STM32CubeIDE_1.19.0/STM32CubeIDE/plugins/com.st.stm32cube.ide.mcu.externaltools.gnu-tools-for-stm32.13.3.rel1.win32_1.0.0.202411081344/tools/bin/../lib/gcc/arm-none-eabi/13.3.1/../../../../arm-none-eabi/lib/thumb/v7e-m+fp/hard\libc_nano.a(libc_a-nano-vfprintf.o)
                0x08011b0c                _vfprintf_r
                0x08011b0c                _vfiprintf_r
 .text._printf_common
                0x08011d3c       0xda E:/ST/STM32CubeIDE_1.19.0/STM32CubeIDE/plugins/com.st.stm32cube.ide.mcu.externaltools.gnu-tools-for-stm32.13.3.rel1.win32_1.0.0.202411081344/tools/bin/../lib/gcc/arm-none-eabi/13.3.1/../../../../arm-none-eabi/lib/thumb/v7e-m+fp/hard\libc_nano.a(libc_a-nano-vfprintf_i.o)
                0x08011d3c                _printf_common
 *fill*         0x08011e16        0x2 
 .text._printf_i
                0x08011e18      0x23c E:/ST/STM32CubeIDE_1.19.0/STM32CubeIDE/plugins/com.st.stm32cube.ide.mcu.externaltools.gnu-tools-for-stm32.13.3.rel1.win32_1.0.0.202411081344/tools/bin/../lib/gcc/arm-none-eabi/13.3.1/../../../../arm-none-eabi/lib/thumb/v7e-m+fp/hard\libc_nano.a(libc_a-nano-vfprintf_i.o)
                0x08011e18                _printf_i
 .text.__sflush_r
                0x08012054      0x108 E:/ST/STM32CubeIDE_1.19.0/STM32CubeIDE/plugins/com.st.stm32cube.ide.mcu.externaltools.gnu-tools-for-stm32.13.3.rel1.win32_1.0.0.202411081344/tools/bin/../lib/gcc/arm-none-eabi/13.3.1/../../../../arm-none-eabi/lib/thumb/v7e-m+fp/hard\libc_nano.a(libc_a-fflush.o)
                0x08012054                __sflush_r
 .text._fflush_r
                0x0801215c       0x50 E:/ST/STM32CubeIDE_1.19.0/STM32CubeIDE/plugins/com.st.stm32cube.ide.mcu.externaltools.gnu-tools-for-stm32.13.3.rel1.win32_1.0.0.202411081344/tools/bin/../lib/gcc/arm-none-eabi/13.3.1/../../../../arm-none-eabi/lib/thumb/v7e-m+fp/hard\libc_nano.a(libc_a-fflush.o)
                0x0801215c                _fflush_r
 .text.__swhatbuf_r
                0x080121ac       0x4c E:/ST/STM32CubeIDE_1.19.0/STM32CubeIDE/plugins/com.st.stm32cube.ide.mcu.externaltools.gnu-tools-for-stm32.13.3.rel1.win32_1.0.0.202411081344/tools/bin/../lib/gcc/arm-none-eabi/13.3.1/../../../../arm-none-eabi/lib/thumb/v7e-m+fp/hard\libc_nano.a(libc_a-makebuf.o)
                0x080121ac                __swhatbuf_r
 .text.__smakebuf_r
                0x080121f8       0x78 E:/ST/STM32CubeIDE_1.19.0/STM32CubeIDE/plugins/com.st.stm32cube.ide.mcu.externaltools.gnu-tools-for-stm32.13.3.rel1.win32_1.0.0.202411081344/tools/bin/../lib/gcc/arm-none-eabi/13.3.1/../../../../arm-none-eabi/lib/thumb/v7e-m+fp/hard\libc_nano.a(libc_a-makebuf.o)
                0x080121f8                __smakebuf_r
 .text.memmove  0x08012270       0x34 E:/ST/STM32CubeIDE_1.19.0/STM32CubeIDE/plugins/com.st.stm32cube.ide.mcu.externaltools.gnu-tools-for-stm32.13.3.rel1.win32_1.0.0.202411081344/tools/bin/../lib/gcc/arm-none-eabi/13.3.1/../../../../arm-none-eabi/lib/thumb/v7e-m+fp/hard\libc_nano.a(libc_a-memmove.o)
                0x08012270                memmove
 .text._fstat_r
                0x080122a4       0x24 E:/ST/STM32CubeIDE_1.19.0/STM32CubeIDE/plugins/com.st.stm32cube.ide.mcu.externaltools.gnu-tools-for-stm32.13.3.rel1.win32_1.0.0.202411081344/tools/bin/../lib/gcc/arm-none-eabi/13.3.1/../../../../arm-none-eabi/lib/thumb/v7e-m+fp/hard\libc_nano.a(libc_a-fstatr.o)
                0x080122a4                _fstat_r
 .text._isatty_r
                0x080122c8       0x20 E:/ST/STM32CubeIDE_1.19.0/STM32CubeIDE/plugins/com.st.stm32cube.ide.mcu.externaltools.gnu-tools-for-stm32.13.3.rel1.win32_1.0.0.202411081344/tools/bin/../lib/gcc/arm-none-eabi/13.3.1/../../../../arm-none-eabi/lib/thumb/v7e-m+fp/hard\libc_nano.a(libc_a-isattyr.o)
                0x080122c8                _isatty_r
 .text._sbrk_r  0x080122e8       0x20 E:/ST/STM32CubeIDE_1.19.0/STM32CubeIDE/plugins/com.st.stm32cube.ide.mcu.externaltools.gnu-tools-for-stm32.13.3.rel1.win32_1.0.0.202411081344/tools/bin/../lib/gcc/arm-none-eabi/13.3.1/../../../../arm-none-eabi/lib/thumb/v7e-m+fp/hard\libc_nano.a(libc_a-sbrkr.o)
                0x080122e8                _sbrk_r
 .text._realloc_r
                0x08012308       0x5c E:/ST/STM32CubeIDE_1.19.0/STM32CubeIDE/plugins/com.st.stm32cube.ide.mcu.externaltools.gnu-tools-for-stm32.13.3.rel1.win32_1.0.0.202411081344/tools/bin/../lib/gcc/arm-none-eabi/13.3.1/../../../../arm-none-eabi/lib/thumb/v7e-m+fp/hard\libc_nano.a(libc_a-reallocr.o)
                0x08012308                _realloc_r
 .text._malloc_usable_size_r
                0x08012364       0x10 E:/ST/STM32CubeIDE_1.19.0/STM32CubeIDE/plugins/com.st.stm32cube.ide.mcu.externaltools.gnu-tools-for-stm32.13.3.rel1.win32_1.0.0.202411081344/tools/bin/../lib/gcc/arm-none-eabi/13.3.1/../../../../arm-none-eabi/lib/thumb/v7e-m+fp/hard\libc_nano.a(libc_a-msizer.o)
                0x08012364                _malloc_usable_size_r
 *(.glue_7)
 .glue_7        0x08012374        0x0 linker stubs
 *(.glue_7t)
 .glue_7t       0x08012374        0x0 linker stubs
 *(.eh_frame)
 .eh_frame      0x08012374        0x0 E:/ST/STM32CubeIDE_1.19.0/STM32CubeIDE/plugins/com.st.stm32cube.ide.mcu.externaltools.gnu-tools-for-stm32.13.3.rel1.win32_1.0.0.202411081344/tools/bin/../lib/gcc/arm-none-eabi/13.3.1/thumb/v7e-m+fp/hard/crtbegin.o
 *(.init)
 .init          0x08012374        0x4 E:/ST/STM32CubeIDE_1.19.0/STM32CubeIDE/plugins/com.st.stm32cube.ide.mcu.externaltools.gnu-tools-for-stm32.13.3.rel1.win32_1.0.0.202411081344/tools/bin/../lib/gcc/arm-none-eabi/13.3.1/thumb/v7e-m+fp/hard/crti.o
                0x08012374                _init
 .init          0x08012378        0x8 E:/ST/STM32CubeIDE_1.19.0/STM32CubeIDE/plugins/com.st.stm32cube.ide.mcu.externaltools.gnu-tools-for-stm32.13.3.rel1.win32_1.0.0.202411081344/tools/bin/../lib/gcc/arm-none-eabi/13.3.1/thumb/v7e-m+fp/hard/crtn.o
 *(.fini)
 .fini          0x08012380        0x4 E:/ST/STM32CubeIDE_1.19.0/STM32CubeIDE/plugins/com.st.stm32cube.ide.mcu.externaltools.gnu-tools-for-stm32.13.3.rel1.win32_1.0.0.202411081344/tools/bin/../lib/gcc/arm-none-eabi/13.3.1/thumb/v7e-m+fp/hard/crti.o
                0x08012380                _fini
 .fini          0x08012384        0x8 E:/ST/STM32CubeIDE_1.19.0/STM32CubeIDE/plugins/com.st.stm32cube.ide.mcu.externaltools.gnu-tools-for-stm32.13.3.rel1.win32_1.0.0.202411081344/tools/bin/../lib/gcc/arm-none-eabi/13.3.1/thumb/v7e-m+fp/hard/crtn.o
                0x0801238c                        . = ALIGN (0x4)
                0x0801238c                        _etext = .

.vfp11_veneer   0x0801238c        0x0
 .vfp11_veneer  0x0801238c        0x0 linker stubs

.v4_bx          0x0801238c        0x0
 .v4_bx         0x0801238c        0x0 linker stubs

.iplt           0x0801238c        0x0
 .iplt          0x0801238c        0x0 E:/ST/STM32CubeIDE_1.19.0/STM32CubeIDE/plugins/com.st.stm32cube.ide.mcu.externaltools.gnu-tools-for-stm32.13.3.rel1.win32_1.0.0.202411081344/tools/bin/../lib/gcc/arm-none-eabi/13.3.1/thumb/v7e-m+fp/hard/crtbegin.o

.rodata         0x0801238c     0x567c
                0x0801238c                        . = ALIGN (0x4)
 *(.rodata)
 .rodata        0x0801238c       0xae ./Core/Src/dcmi.o
 *fill*         0x0801243a        0x2 
 .rodata        0x0801243c      0x546 ./Core/Src/main.o
 *fill*         0x08012982        0x2 
 .rodata        0x08012984       0x3f ./Core/Src/ov2640.o
 *fill*         0x080129c3        0x1 
 .rodata        0x080129c4      0x1ff ./Core/Src/uvc_app.o
 *fill*         0x08012bc3        0x1 
 .rodata        0x08012bc4       0x42 ./USB_DEVICE/App/usbd_desc.o
 *(.rodata*)
 *fill*         0x08012c06        0x2 
 .rodata.asc2_1206
                0x08012c08      0x474 ./Core/Src/ILI93xx.o
                0x08012c08                asc2_1206
 .rodata.asc2_1608
                0x0801307c      0x5f0 ./Core/Src/ILI93xx.o
                0x0801307c                asc2_1608
 .rodata.asc2_2412
                0x0801366c      0xd5c ./Core/Src/ILI93xx.o
                0x0801366c                asc2_2412
 .rodata.asc2_3216
                0x080143c8     0x2f80 ./Core/Src/ILI93xx.o
                0x080143c8                asc2_3216
 .rodata.ov2640_sxga_init_reg_tbl
                0x08017348      0x164 ./Core/Src/ov2640.o
                0x08017348                ov2640_sxga_init_reg_tbl
 .rodata.ov2640_yuv422_reg_tbl
                0x080174ac       0x10 ./Core/Src/ov2640.o
                0x080174ac                ov2640_yuv422_reg_tbl
 .rodata.ov2640_jpeg_reg_tbl
                0x080174bc        0xe ./Core/Src/ov2640.o
                0x080174bc                ov2640_jpeg_reg_tbl
 *fill*         0x080174ca        0x2 
 .rodata.OV2640_AUTOEXPOSURE_LEVEL
                0x080174cc       0x28 ./Core/Src/ov2640.o
 .rodata.AHBPrescTable
                0x080174f4       0x10 ./Core/Src/system_stm32f4xx.o
                0x080174f4                AHBPrescTable
 .rodata.APBPrescTable
                0x08017504        0x8 ./Core/Src/system_stm32f4xx.o
                0x08017504                APBPrescTable
 .rodata.Zig    0x0801750c       0x40 ./Core/Src/tjpgd.o
 .rodata.Ipsf   0x0801754c       0x80 ./Core/Src/tjpgd.o
 .rodata.Clip8  0x080175cc      0x400 ./Core/Src/tjpgd.o
 .rodata.flagBitshiftOffset.0
                0x080179cc        0x8 ./Drivers/STM32F4xx_HAL_Driver/Src/stm32f4xx_hal_dma.o
 .rodata._svfprintf_r.str1.1
                0x080179d4       0x33 E:/ST/STM32CubeIDE_1.19.0/STM32CubeIDE/plugins/com.st.stm32cube.ide.mcu.externaltools.gnu-tools-for-stm32.13.3.rel1.win32_1.0.0.202411081344/tools/bin/../lib/gcc/arm-none-eabi/13.3.1/../../../../arm-none-eabi/lib/thumb/v7e-m+fp/hard\libc_nano.a(libc_a-nano-svfprintf.o)
                                 0x11 (size before relaxing)
 .rodata._vfprintf_r.str1.1
                0x08017a07       0x11 E:/ST/STM32CubeIDE_1.19.0/STM32CubeIDE/plugins/com.st.stm32cube.ide.mcu.externaltools.gnu-tools-for-stm32.13.3.rel1.win32_1.0.0.202411081344/tools/bin/../lib/gcc/arm-none-eabi/13.3.1/../../../../arm-none-eabi/lib/thumb/v7e-m+fp/hard\libc_nano.a(libc_a-nano-vfprintf.o)
 .rodata._printf_i.str1.1
                0x08017a07       0x22 E:/ST/STM32CubeIDE_1.19.0/STM32CubeIDE/plugins/com.st.stm32cube.ide.mcu.externaltools.gnu-tools-for-stm32.13.3.rel1.win32_1.0.0.202411081344/tools/bin/../lib/gcc/arm-none-eabi/13.3.1/../../../../arm-none-eabi/lib/thumb/v7e-m+fp/hard\libc_nano.a(libc_a-nano-vfprintf_i.o)
                0x08017a2c                        . = ALIGN (0x4)
 *fill*         0x08017a07        0x1 

.ARM.extab      0x08017a08        0x0
                0x08017a08                        . = ALIGN (0x4)
 *(.ARM.extab* .gnu.linkonce.armextab.*)
                0x08017a08                        . = ALIGN (0x4)

.ARM            0x08017a08        0x8
                0x08017a08                        . = ALIGN (0x4)
                0x08017a08                        __exidx_start = .
 *(.ARM.exidx*)
 .ARM.exidx     0x08017a08        0x8 E:/ST/STM32CubeIDE_1.19.0/STM32CubeIDE/plugins/com.st.stm32cube.ide.mcu.externaltools.gnu-tools-for-stm32.13.3.rel1.win32_1.0.0.202411081344/tools/bin/../lib/gcc/arm-none-eabi/13.3.1/../../../../arm-none-eabi/lib/thumb/v7e-m+fp/hard\libc_nano.a(libc_a-strlen.o)
 .ARM.exidx     0x08017a10        0x0 E:/ST/STM32CubeIDE_1.19.0/STM32CubeIDE/plugins/com.st.stm32cube.ide.mcu.externaltools.gnu-tools-for-stm32.13.3.rel1.win32_1.0.0.202411081344/tools/bin/../lib/gcc/arm-none-eabi/13.3.1/../../../../arm-none-eabi/lib/thumb/v7e-m+fp/hard\libc_nano.a(libc_a-memchr.o)
                                  0x8 (size before relaxing)
 .ARM.exidx     0x08017a10        0x0 E:/ST/STM32CubeIDE_1.19.0/STM32CubeIDE/plugins/com.st.stm32cube.ide.mcu.externaltools.gnu-tools-for-stm32.13.3.rel1.win32_1.0.0.202411081344/tools/bin/../lib/gcc/arm-none-eabi/13.3.1/thumb/v7e-m+fp/hard\libgcc.a(_udivmoddi4.o)
                                  0x8 (size before relaxing)
                0x08017a10                        __exidx_end = .
                0x08017a10                        . = ALIGN (0x4)

.preinit_array  0x08017a10        0x0
                0x08017a10                        . = ALIGN (0x4)
                0x08017a10                        PROVIDE (__preinit_array_start = .)
 *(.preinit_array*)
                0x08017a10                        PROVIDE (__preinit_array_end = .)
                0x08017a10                        . = ALIGN (0x4)

.init_array     0x08017a10        0x4
                0x08017a10                        . = ALIGN (0x4)
                0x08017a10                        PROVIDE (__init_array_start = .)
 *(SORT_BY_NAME(.init_array.*))
 *(.init_array*)
 .init_array    0x08017a10        0x4 E:/ST/STM32CubeIDE_1.19.0/STM32CubeIDE/plugins/com.st.stm32cube.ide.mcu.externaltools.gnu-tools-for-stm32.13.3.rel1.win32_1.0.0.202411081344/tools/bin/../lib/gcc/arm-none-eabi/13.3.1/thumb/v7e-m+fp/hard/crtbegin.o
                0x08017a14                        PROVIDE (__init_array_end = .)
                0x08017a14                        . = ALIGN (0x4)

.fini_array     0x08017a14        0x4
                0x08017a14                        . = ALIGN (0x4)
                [!provide]                        PROVIDE (__fini_array_start = .)
 *(SORT_BY_NAME(.fini_array.*))
 *(.fini_array*)
 .fini_array    0x08017a14        0x4 E:/ST/STM32CubeIDE_1.19.0/STM32CubeIDE/plugins/com.st.stm32cube.ide.mcu.externaltools.gnu-tools-for-stm32.13.3.rel1.win32_1.0.0.202411081344/tools/bin/../lib/gcc/arm-none-eabi/13.3.1/thumb/v7e-m+fp/hard/crtbegin.o
                [!provide]                        PROVIDE (__fini_array_end = .)
                0x08017a18                        . = ALIGN (0x4)
                0x08017a18                        _sidata = LOADADDR (.data)

.rel.dyn        0x08017a18        0x0
 .rel.iplt      0x08017a18        0x0 E:/ST/STM32CubeIDE_1.19.0/STM32CubeIDE/plugins/com.st.stm32cube.ide.mcu.externaltools.gnu-tools-for-stm32.13.3.rel1.win32_1.0.0.202411081344/tools/bin/../lib/gcc/arm-none-eabi/13.3.1/thumb/v7e-m+fp/hard/crtbegin.o

.data           0x20000000      0x1cc load address 0x08017a18
                0x20000000                        . = ALIGN (0x4)
                0x20000000                        _sdata = .
 *(.data)
 *(.data*)
 .data.POINT_COLOR
                0x20000000        0x4 ./Core/Src/ILI93xx.o
                0x20000000                POINT_COLOR
 .data.BACK_COLOR
                0x20000004        0x4 ./Core/Src/ILI93xx.o
                0x20000004                BACK_COLOR
 .data.capture_buf
                0x20000008        0x4 ./Core/Src/dcmi.o
                0x20000008                capture_buf
 .data.process_buf
                0x2000000c        0x4 ./Core/Src/dcmi.o
                0x2000000c                process_buf
 .data.jpeg_buf
                0x20000010        0x4 ./Core/Src/dcmi.o
                0x20000010                jpeg_buf
 .data.jpeg_decode_enabled
                0x20000014        0x1 ./Core/Src/main.o
                0x20000014                jpeg_decode_enabled
 .data.uvc_transfer_enabled
                0x20000015        0x1 ./Core/Src/main.o
                0x20000015                uvc_transfer_enabled
 *fill*         0x20000016        0x2 
 .data.SystemCoreClock
                0x20000018        0x4 ./Core/Src/system_stm32f4xx.o
                0x20000018                SystemCoreClock
 .data.uwTickPrio
                0x2000001c        0x4 ./Drivers/STM32F4xx_HAL_Driver/Src/stm32f4xx_hal.o
                0x2000001c                uwTickPrio
 .data.uwTickFreq
                0x20000020        0x1 ./Drivers/STM32F4xx_HAL_Driver/Src/stm32f4xx_hal.o
                0x20000020                uwTickFreq
 *fill*         0x20000021        0x3 
 .data.FS_Desc  0x20000024       0x1c ./USB_DEVICE/App/usbd_desc.o
                0x20000024                FS_Desc
 .data.USBD_FS_DeviceDesc
                0x20000040       0x12 ./USB_DEVICE/App/usbd_desc.o
                0x20000040                USBD_FS_DeviceDesc
 *fill*         0x20000052        0x2 
 .data.USBD_LangIDDesc
                0x20000054        0x4 ./USB_DEVICE/App/usbd_desc.o
                0x20000054                USBD_LangIDDesc
 .data.USBD_StringSerial
                0x20000058       0x1a ./USB_DEVICE/App/usbd_desc.o
                0x20000058                USBD_StringSerial
 *fill*         0x20000072        0x2 
 .data.USBD_UVC
                0x20000074       0x38 ./USB_DEVICE/App/usbd_uvc.o
                0x20000074                USBD_UVC
 .data.USBD_UVC_CfgFSDesc
                0x200000ac       0xa3 ./USB_DEVICE/App/usbd_uvc.o
 *fill*         0x2000014f        0x1 
 .data.USBD_UVC_DeviceQualifierDesc
                0x20000150        0xa ./USB_DEVICE/App/usbd_uvc.o
 *fill*         0x2000015a        0x2 
 .data.USBD_UVC_fops_FS
                0x2000015c       0x14 ./USB_DEVICE/App/usbd_uvc_if.o
                0x2000015c                USBD_UVC_fops_FS
 .data.__sglue  0x20000170        0xc E:/ST/STM32CubeIDE_1.19.0/STM32CubeIDE/plugins/com.st.stm32cube.ide.mcu.externaltools.gnu-tools-for-stm32.13.3.rel1.win32_1.0.0.202411081344/tools/bin/../lib/gcc/arm-none-eabi/13.3.1/../../../../arm-none-eabi/lib/thumb/v7e-m+fp/hard\libc_nano.a(libc_a-findfp.o)
                0x20000170                __sglue
 .data._impure_ptr
                0x2000017c        0x4 E:/ST/STM32CubeIDE_1.19.0/STM32CubeIDE/plugins/com.st.stm32cube.ide.mcu.externaltools.gnu-tools-for-stm32.13.3.rel1.win32_1.0.0.202411081344/tools/bin/../lib/gcc/arm-none-eabi/13.3.1/../../../../arm-none-eabi/lib/thumb/v7e-m+fp/hard\libc_nano.a(libc_a-impure.o)
                0x2000017c                _impure_ptr
 .data._impure_data
                0x20000180       0x4c E:/ST/STM32CubeIDE_1.19.0/STM32CubeIDE/plugins/com.st.stm32cube.ide.mcu.externaltools.gnu-tools-for-stm32.13.3.rel1.win32_1.0.0.202411081344/tools/bin/../lib/gcc/arm-none-eabi/13.3.1/../../../../arm-none-eabi/lib/thumb/v7e-m+fp/hard\libc_nano.a(libc_a-impure.o)
                0x20000180                _impure_data
 *(.RamFunc)
 *(.RamFunc*)
                0x200001cc                        . = ALIGN (0x4)
                0x200001cc                        _edata = .
                0x08017be4                        _siccmram = LOADADDR (.ccmram)

.igot.plt       0x200001cc        0x0 load address 0x08017be4
 .igot.plt      0x200001cc        0x0 E:/ST/STM32CubeIDE_1.19.0/STM32CubeIDE/plugins/com.st.stm32cube.ide.mcu.externaltools.gnu-tools-for-stm32.13.3.rel1.win32_1.0.0.202411081344/tools/bin/../lib/gcc/arm-none-eabi/13.3.1/thumb/v7e-m+fp/hard/crtbegin.o

.ccmram         0x10000000        0x0 load address 0x08017be4
                0x10000000                        . = ALIGN (0x4)
                0x10000000                        _sccmram = .
 *(.ccmram)
 *(.ccmram*)
                0x10000000                        . = ALIGN (0x4)
                0x10000000                        _eccmram = .
                0x10000000                        . = ALIGN (0x4)

.bss            0x200001cc    0x17124
                0x200001cc                        _sbss = .
                0x200001cc                        __bss_start__ = _sbss
 *(.bss)
 .bss           0x200001cc       0x1c E:/ST/STM32CubeIDE_1.19.0/STM32CubeIDE/plugins/com.st.stm32cube.ide.mcu.externaltools.gnu-tools-for-stm32.13.3.rel1.win32_1.0.0.202411081344/tools/bin/../lib/gcc/arm-none-eabi/13.3.1/thumb/v7e-m+fp/hard/crtbegin.o
 *(.bss*)