../Core/Src/uvc_app.c:42:6:UVC_App_Init	8	static
../Core/Src/uvc_app.c:61:6:UVC_App_StartCapture	8	static
../Core/Src/uvc_app.c:87:6:UVC_App_StopCapture	8	static
../Core/Src/uvc_app.c:95:9:UVC_App_IsStreaming	4	static
../Core/Src/uvc_app.c:102:6:UVC_App_SetStreaming	16	static
../Core/Src/uvc_app.c:115:24:RGB888_to_RGB565	16	static
../Core/Src/uvc_app.c:123:5:JPEG_DecodeToRGB565	48	static
../Core/Src/uvc_app.c:149:13:Display_RGB565_Frame	24	static
../Core/Src/uvc_app.c:166:6:UVC_App_Process	24	static
